Archive member included to satisfy reference by file (symbol)

c:/st/stm32cubeide_1.12.1/stm32cubeide/plugins/com.st.stm32cube.ide.mcu.externaltools.gnu-tools-for-stm32.10.3-2021.10.win32_1.0.200.202301161003/tools/bin/../lib/gcc/arm-none-eabi/10.3.1/../../../../arm-none-eabi/lib/thumb/v7e-m+fp/hard\libc_nano.a(lib_a-errno.o)
                              ./Core/Src/syscalls.o (__errno)
c:/st/stm32cubeide_1.12.1/stm32cubeide/plugins/com.st.stm32cube.ide.mcu.externaltools.gnu-tools-for-stm32.10.3-2021.10.win32_1.0.200.202301161003/tools/bin/../lib/gcc/arm-none-eabi/10.3.1/../../../../arm-none-eabi/lib/thumb/v7e-m+fp/hard\libc_nano.a(lib_a-exit.o)
                              c:/st/stm32cubeide_1.12.1/stm32cubeide/plugins/com.st.stm32cube.ide.mcu.externaltools.gnu-tools-for-stm32.10.3-2021.10.win32_1.0.200.202301161003/tools/bin/../lib/gcc/arm-none-eabi/10.3.1/../../../../arm-none-eabi/lib/thumb/v7e-m+fp/hard/crt0.o (exit)
c:/st/stm32cubeide_1.12.1/stm32cubeide/plugins/com.st.stm32cube.ide.mcu.externaltools.gnu-tools-for-stm32.10.3-2021.10.win32_1.0.200.202301161003/tools/bin/../lib/gcc/arm-none-eabi/10.3.1/../../../../arm-none-eabi/lib/thumb/v7e-m+fp/hard\libc_nano.a(lib_a-impure.o)
                              c:/st/stm32cubeide_1.12.1/stm32cubeide/plugins/com.st.stm32cube.ide.mcu.externaltools.gnu-tools-for-stm32.10.3-2021.10.win32_1.0.200.202301161003/tools/bin/../lib/gcc/arm-none-eabi/10.3.1/../../../../arm-none-eabi/lib/thumb/v7e-m+fp/hard\libc_nano.a(lib_a-exit.o) (_global_impure_ptr)
c:/st/stm32cubeide_1.12.1/stm32cubeide/plugins/com.st.stm32cube.ide.mcu.externaltools.gnu-tools-for-stm32.10.3-2021.10.win32_1.0.200.202301161003/tools/bin/../lib/gcc/arm-none-eabi/10.3.1/../../../../arm-none-eabi/lib/thumb/v7e-m+fp/hard\libc_nano.a(lib_a-init.o)
                              c:/st/stm32cubeide_1.12.1/stm32cubeide/plugins/com.st.stm32cube.ide.mcu.externaltools.gnu-tools-for-stm32.10.3-2021.10.win32_1.0.200.202301161003/tools/bin/../lib/gcc/arm-none-eabi/10.3.1/../../../../arm-none-eabi/lib/thumb/v7e-m+fp/hard/crt0.o (__libc_init_array)
c:/st/stm32cubeide_1.12.1/stm32cubeide/plugins/com.st.stm32cube.ide.mcu.externaltools.gnu-tools-for-stm32.10.3-2021.10.win32_1.0.200.202301161003/tools/bin/../lib/gcc/arm-none-eabi/10.3.1/../../../../arm-none-eabi/lib/thumb/v7e-m+fp/hard\libc_nano.a(lib_a-memcpy-stub.o)
                              ./Core/MCLIB/i2c.o (memcpy)
c:/st/stm32cubeide_1.12.1/stm32cubeide/plugins/com.st.stm32cube.ide.mcu.externaltools.gnu-tools-for-stm32.10.3-2021.10.win32_1.0.200.202301161003/tools/bin/../lib/gcc/arm-none-eabi/10.3.1/../../../../arm-none-eabi/lib/thumb/v7e-m+fp/hard\libc_nano.a(lib_a-memset.o)
                              c:/st/stm32cubeide_1.12.1/stm32cubeide/plugins/com.st.stm32cube.ide.mcu.externaltools.gnu-tools-for-stm32.10.3-2021.10.win32_1.0.200.202301161003/tools/bin/../lib/gcc/arm-none-eabi/10.3.1/../../../../arm-none-eabi/lib/thumb/v7e-m+fp/hard/crt0.o (memset)
c:/st/stm32cubeide_1.12.1/stm32cubeide/plugins/com.st.stm32cube.ide.mcu.externaltools.gnu-tools-for-stm32.10.3-2021.10.win32_1.0.200.202301161003/tools/bin/../lib/gcc/arm-none-eabi/10.3.1/../../../../arm-none-eabi/lib/thumb/v7e-m+fp/hard\libm.a(lib_a-sf_cos.o)
                              ./Core/MCLIB/VectorControl.o (cosf)
c:/st/stm32cubeide_1.12.1/stm32cubeide/plugins/com.st.stm32cube.ide.mcu.externaltools.gnu-tools-for-stm32.10.3-2021.10.win32_1.0.200.202301161003/tools/bin/../lib/gcc/arm-none-eabi/10.3.1/../../../../arm-none-eabi/lib/thumb/v7e-m+fp/hard\libm.a(lib_a-sf_sin.o)
                              ./Core/MCLIB/VectorControl.o (sinf)
c:/st/stm32cubeide_1.12.1/stm32cubeide/plugins/com.st.stm32cube.ide.mcu.externaltools.gnu-tools-for-stm32.10.3-2021.10.win32_1.0.200.202301161003/tools/bin/../lib/gcc/arm-none-eabi/10.3.1/../../../../arm-none-eabi/lib/thumb/v7e-m+fp/hard\libm.a(lib_a-wf_atan2.o)
                              ./Core/MCLIB/VectorControl.o (atan2f)
c:/st/stm32cubeide_1.12.1/stm32cubeide/plugins/com.st.stm32cube.ide.mcu.externaltools.gnu-tools-for-stm32.10.3-2021.10.win32_1.0.200.202301161003/tools/bin/../lib/gcc/arm-none-eabi/10.3.1/../../../../arm-none-eabi/lib/thumb/v7e-m+fp/hard\libm.a(lib_a-wf_fmod.o)
                              ./Core/MCLIB/GeneralFunctions.o (fmodf)
c:/st/stm32cubeide_1.12.1/stm32cubeide/plugins/com.st.stm32cube.ide.mcu.externaltools.gnu-tools-for-stm32.10.3-2021.10.win32_1.0.200.202301161003/tools/bin/../lib/gcc/arm-none-eabi/10.3.1/../../../../arm-none-eabi/lib/thumb/v7e-m+fp/hard\libm.a(lib_a-wf_sqrt.o)
                              ./Core/MCLIB/VectorControl.o (sqrtf)
c:/st/stm32cubeide_1.12.1/stm32cubeide/plugins/com.st.stm32cube.ide.mcu.externaltools.gnu-tools-for-stm32.10.3-2021.10.win32_1.0.200.202301161003/tools/bin/../lib/gcc/arm-none-eabi/10.3.1/../../../../arm-none-eabi/lib/thumb/v7e-m+fp/hard\libm.a(lib_a-ef_atan2.o)
[...]
Memory Configuration

Name             Origin             Length             Attributes
RAM              0x0000000020000000 0x0000000000008000 xrw
FLASH            0x0000000008000000 0x0000000000020000 xr
*default*        0x0000000000000000 0xffffffffffffffff

Linker script and memory map

LOAD c:/st/stm32cubeide_1.12.1/stm32cubeide/plugins/com.st.stm32cube.ide.mcu.externaltools.gnu-tools-for-stm32.10.3-2021.10.win32_1.0.200.202301161003/tools/bin/../lib/gcc/arm-none-eabi/10.3.1/thumb/v7e-m+fp/hard/crti.o
LOAD c:/st/stm32cubeide_1.12.1/stm32cubeide/plugins/com.st.stm32cube.ide.mcu.externaltools.gnu-tools-for-stm32.10.3-2021.10.win32_1.0.200.202301161003/tools/bin/../lib/gcc/arm-none-eabi/10.3.1/thumb/v7e-m+fp/hard/crtbegin.o
LOAD c:/st/stm32cubeide_1.12.1/stm32cubeide/plugins/com.st.stm32cube.ide.mcu.externaltools.gnu-tools-for-stm32.10.3-2021.10.win32_1.0.200.202301161003/tools/bin/../lib/gcc/arm-none-eabi/10.3.1/../../../../arm-none-eabi/lib/thumb/v7e-m+fp/hard/crt0.o
LOAD ./Core/MCLIB/ControlFunctions.o
LOAD ./Core/MCLIB/GeneralFunctions.o
LOAD ./Core/MCLIB/GlobalVariables.o
LOAD ./Core/MCLIB/Sequence.o
LOAD ./Core/MCLIB/SignalReadWrite.o
LOAD ./Core/MCLIB/SixsStep.o
LOAD ./Core/MCLIB/VectorControl.o
LOAD ./Core/MCLIB/i2c.o
LOAD ./Core/Src/main.o
LOAD ./Core/Src/stm32g4xx_hal_msp.o
LOAD ./Core/Src/stm32g4xx_it.o
LOAD ./Core/Src/syscalls.o
LOAD ./Core/Src/sysmem.o
LOAD ./Core/Src/system_stm32g4xx.o
LOAD ./Core/Startup/startup_stm32g431cbux.o
LOAD ./Drivers/STM32G4xx_HAL_Driver/Src/stm32g4xx_hal.o
LOAD ./Drivers/STM32G4xx_HAL_Driver/Src/stm32g4xx_hal_adc.o
LOAD ./Drivers/STM32G4xx_HAL_Driver/Src/stm32g4xx_hal_adc_ex.o
LOAD ./Drivers/STM32G4xx_HAL_Driver/Src/stm32g4xx_hal_cortex.o
LOAD ./Drivers/STM32G4xx_HAL_Driver/Src/stm32g4xx_hal_dma.o
LOAD ./Drivers/STM32G4xx_HAL_Driver/Src/stm32g4xx_hal_dma_ex.o
LOAD ./Drivers/STM32G4xx_HAL_Driver/Src/stm32g4xx_hal_exti.o
LOAD ./Drivers/STM32G4xx_HAL_Driver/Src/stm32g4xx_hal_flash.o
LOAD ./Drivers/STM32G4xx_HAL_Driver/Src/stm32g4xx_hal_flash_ex.o
LOAD ./Drivers/STM32G4xx_HAL_Driver/Src/stm32g4xx_hal_flash_ramfunc.o
LOAD ./Drivers/STM32G4xx_HAL_Driver/Src/stm32g4xx_hal_gpio.o
LOAD ./Drivers/STM32G4xx_HAL_Driver/Src/stm32g4xx_hal_pwr.o
LOAD ./Drivers/STM32G4xx_HAL_Driver/Src/stm32g4xx_hal_pwr_ex.o
LOAD ./Drivers/STM32G4xx_HAL_Driver/Src/stm32g4xx_hal_rcc.o
LOAD ./Drivers/STM32G4xx_HAL_Driver/Src/stm32g4xx_hal_rcc_ex.o
LOAD ./Drivers/STM32G4xx_HAL_Driver/Src/stm32g4xx_hal_spi.o
LOAD ./Drivers/STM32G4xx_HAL_Driver/Src/stm32g4xx_hal_spi_ex.o
LOAD ./Drivers/STM32G4xx_HAL_Driver/Src/stm32g4xx_hal_tim.o
LOAD ./Drivers/STM32G4xx_HAL_Driver/Src/stm32g4xx_hal_tim_ex.o
LOAD ./Drivers/STM32G4xx_HAL_Driver/Src/stm32g4xx_ll_adc.o
LOAD ./Drivers/STM32G4xx_HAL_Driver/Src/stm32g4xx_ll_dma.o
LOAD ./Drivers/STM32G4xx_HAL_Driver/Src/stm32g4xx_ll_exti.o
LOAD ./Drivers/STM32G4xx_HAL_Driver/Src/stm32g4xx_ll_gpio.o
LOAD ./Drivers/STM32G4xx_HAL_Driver/Src/stm32g4xx_ll_i2c.o
LOAD ./Drivers/STM32G4xx_HAL_Driver/Src/stm32g4xx_ll_utils.o
START GROUP
LOAD c:/st/stm32cubeide_1.12.1/stm32cubeide/plugins/com.st.stm32cube.ide.mcu.externaltools.gnu-tools-for-stm32.10.3-2021.10.win32_1.0.200.202301161003/tools/bin/../lib/gcc/arm-none-eabi/10.3.1/../../../../arm-none-eabi/lib/thumb/v7e-m+fp/hard\libc_nano.a
LOAD c:/st/stm32cubeide_1.12.1/stm32cubeide/plugins/com.st.stm32cube.ide.mcu.externaltools.gnu-tools-for-stm32.10.3-2021.10.win32_1.0.200.202301161003/tools/bin/../lib/gcc/arm-none-eabi/10.3.1/../../../../arm-none-eabi/lib/thumb/v7e-m+fp/hard\libm.a
END GROUP
START GROUP
LOAD c:/st/stm32cubeide_1.12.1/stm32cubeide/plugins/com.st.stm32cube.ide.mcu.externaltools.gnu-tools-for-stm32.10.3-2021.10.win32_1.0.200.202301161003/tools/bin/../lib/gcc/arm-none-eabi/10.3.1/thumb/v7e-m+fp/hard\libgcc.a
LOAD c:/st/stm32cubeide_1.12.1/stm32cubeide/plugins/com.st.stm32cube.ide.mcu.externaltools.gnu-tools-for-stm32.10.3-2021.10.win32_1.0.200.202301161003/tools/bin/../lib/gcc/arm-none-eabi/10.3.1/../../../../arm-none-eabi/lib/thumb/v7e-m+fp/hard\libc_nano.a
END GROUP
START GROUP
LOAD c:/st/stm32cubeide_1.12.1/stm32cubeide/plugins/com.st.stm32cube.ide.mcu.externaltools.gnu-tools-for-stm32.10.3-2021.10.win32_1.0.200.202301161003/tools/bin/../lib/gcc/arm-none-eabi/10.3.1/thumb/v7e-m+fp/hard\libgcc.a
LOAD c:/st/stm32cubeide_1.12.1/stm32cubeide/plugins/com.st.stm32cube.ide.mcu.externaltools.gnu-tools-for-stm32.10.3-2021.10.win32_1.0.200.202301161003/tools/bin/../lib/gcc/arm-none-eabi/10.3.1/../../../../arm-none-eabi/lib/thumb/v7e-m+fp/hard\libc_nano.a
LOAD c:/st/stm32cubeide_1.12.1/stm32cubeide/plugins/com.st.stm32cube.ide.mcu.externaltools.gnu-tools-for-stm32.10.3-2021.10.win32_1.0.200.202301161003/tools/bin/../lib/gcc/arm-none-eabi/10.3.1/../../../../arm-none-eabi/lib/thumb/v7e-m+fp/hard\libnosys.a
END GROUP
START GROUP
LOAD c:/st/stm32cubeide_1.12.1/stm32cubeide/plugins/com.st.stm32cube.ide.mcu.externaltools.gnu-tools-for-stm32.10.3-2021.10.win32_1.0.200.202301161003/tools/bin/../lib/gcc/arm-none-eabi/10.3.1/thumb/v7e-m+fp/hard\libgcc.a
LOAD c:/st/stm32cubeide_1.12.1/stm32cubeide/plugins/com.st.stm32cube.ide.mcu.externaltools.gnu-tools-for-stm32.10.3-2021.10.win32_1.0.200.202301161003/tools/bin/../lib/gcc/arm-none-eabi/10.3.1/../../../../arm-none-eabi/lib/thumb/v7e-m+fp/hard\libc_nano.a
LOAD c:/st/stm32cubeide_1.12.1/stm32cubeide/plugins/com.st.stm32cube.ide.mcu.externaltools.gnu-tools-for-stm32.10.3-2021.10.win32_1.0.200.202301161003/tools/bin/../lib/gcc/arm-none-eabi/10.3.1/../../../../arm-none-eabi/lib/thumb/v7e-m+fp/hard\libnosys.a
END GROUP
LOAD c:/st/stm32cubeide_1.12.1/stm32cubeide/plugins/com.st.stm32cube.ide.mcu.externaltools.gnu-tools-for-stm32.10.3-2021.10.win32_1.0.200.202301161003/tools/bin/../lib/gcc/arm-none-eabi/10.3.1/thumb/v7e-m+fp/hard/crtend.o
LOAD c:/st/stm32cubeide_1.12.1/stm32cubeide/plugins/com.st.stm32cube.ide.mcu.externaltools.gnu-tools-for-stm32.10.3-2021.10.win32_1.0.200.202301161003/tools/bin/../lib/gcc/arm-none-eabi/10.3.1/thumb/v7e-m+fp/hard/crtn.o
                0x0000000020008000                _estack = (ORIGIN (RAM) + LENGTH (RAM))
                0x0000000000000200                _Min_Heap_Size = 0x200
                0x0000000000000400                _Min_Stack_Size = 0x400

.isr_vector     0x0000000008000000      0x1d8
                0x0000000008000000                . = ALIGN (0x4)
 *(.isr_vector)
 .isr_vector    0x0000000008000000      0x1d8 ./Core/Startup/startup_stm32g431cbux.o
                0x0000000008000000                g_pfnVectors
                0x00000000080001d8                . = ALIGN (0x4)

.text           0x00000000080001d8     0x57fc
                0x00000000080001d8                . = ALIGN (0x4)
 *(.text)
 .text          0x00000000080001d8       0x40 c:/st/stm32cubeide_1.12.1/stm32cubeide/plugins/com.st.stm32cube.ide.mcu.externaltools.gnu-tools-for-stm32.10.3-2021.10.win32_1.0.200.202301161003/tools/bin/../lib/gcc/arm-none-eabi/10.3.1/thumb/v7e-m+fp/hard/crtbegin.o
 .text          0x0000000008000218      0x254 c:/st/stm32cubeide_1.12.1/stm32cubeide/plugins/com.st.stm32cube.ide.mcu.externaltools.gnu-tools-for-stm32.10.3-2021.10.win32_1.0.200.202301161003/tools/bin/../lib/gcc/arm-none-eabi/10.3.1/thumb/v7e-m+fp/hard\libgcc.a(_arm_muldf3.o)
                0x0000000008000218                __muldf3
                0x0000000008000218                __aeabi_dmul
 .text          0x000000000800046c      0x378 c:/st/stm32cubeide_1.12.1/stm32cubeide/plugins/com.st.stm32cube.ide.mcu.externaltools.gnu-tools-for-stm32.10.3-2021.10.win32_1.0.200.202301161003/tools/bin/../lib/gcc/arm-none-eabi/10.3.1/thumb/v7e-m+fp/hard\libgcc.a(_arm_addsubdf3.o)
                0x000000000800046c                __aeabi_drsub
                0x0000000008000474                __aeabi_dsub
                0x0000000008000474                __subdf3
                0x0000000008000478                __aeabi_dadd
                0x0000000008000478                __adddf3
                0x00000000080006f0                __floatunsidf
                0x00000000080006f0                __aeabi_ui2d
                0x0000000008000710                __floatsidf
                0x0000000008000710                __aeabi_i2d
                0x0000000008000734                __aeabi_f2d
                0x0000000008000734                __extendsfdf2
                0x0000000008000778                __floatundidf
                0x0000000008000778                __aeabi_ul2d
                0x0000000008000788                __floatdidf
                0x0000000008000788                __aeabi_l2d
 .text          0x00000000080007e4       0xa0 c:/st/stm32cubeide_1.12.1/stm32cubeide/plugins/com.st.stm32cube.ide.mcu.externaltools.gnu-tools-for-stm32.10.3-2021.10.win32_1.0.200.202301161003/tools/bin/../lib/gcc/arm-none-eabi/10.3.1/thumb/v7e-m+fp/hard\libgcc.a(_arm_truncdfsf2.o)
                0x00000000080007e4                __truncdfsf2
                0x00000000080007e4                __aeabi_d2f
 *(.text*)
 .text.gfDivideAvoidZero
                0x0000000008000884       0x3e ./Core/MCLIB/GeneralFunctions.o
                0x0000000008000884                gfDivideAvoidZero
 .text.gUpperLowerLimit
                0x00000000080008c2       0x26 ./Core/MCLIB/GeneralFunctions.o
                0x00000000080008c2                gUpperLowerLimit
 .text.gOffDuty
                0x00000000080008e8        0xe ./Core/MCLIB/GeneralFunctions.o
                0x00000000080008e8                gOffDuty
 .text.gLPF     0x00000000080008f6       0x22 ./Core/MCLIB/GeneralFunctions.o
                0x00000000080008f6                gLPF
 .text.Sequence_Low_Freq
                0x0000000008000918      0x268 ./Core/MCLIB/Sequence.o
                0x0000000008000918                Sequence_Low_Freq
 .text.Sequence_High_Freq
                0x0000000008000b80      0x108 ./Core/MCLIB/Sequence.o
                0x0000000008000b80                Sequence_High_Freq
 .text.readVdc  0x0000000008000c88       0x20 ./Core/MCLIB/SignalReadWrite.o
                0x0000000008000c88                readVdc
 .text.readCurrent
                0x0000000008000ca8       0x74 ./Core/MCLIB/SignalReadWrite.o
                0x0000000008000ca8                readCurrent
 .text.writeOutputMode
                0x0000000008000d1c       0x38 ./Core/MCLIB/SignalReadWrite.o
                0x0000000008000d1c                writeOutputMode
 .text.writeDuty
                0x0000000008000d54       0x50 ./Core/MCLIB/SignalReadWrite.o
                0x0000000008000d54                writeDuty
 .text.readEncoderAngle
                0x0000000008000da4      0x138 ./Core/MCLIB/SignalReadWrite.o
                0x0000000008000da4                readEncoderAngle
 *fill*         0x0000000008000edc        0x4 
 .text.readJoyStickXY
                0x0000000008000ee0       0xa0 ./Core/MCLIB/SignalReadWrite.o
                0x0000000008000ee0                readJoyStickXY
 .text.VectorControlTasks
                0x0000000008000f80      0x410 ./Core/MCLIB/VectorControl.o
                0x0000000008000f80                VectorControlTasks
 .text.InitVectorControl
                0x0000000008001390       0x90 ./Core/MCLIB/VectorControl.o
                0x0000000008001390                InitVectorControl
 .text.I2C1_Start
                0x0000000008001420       0x10 ./Core/MCLIB/i2c.o
                0x0000000008001420                I2C1_Start
 .text.I2C1_ClearCR
                0x0000000008001430       0x1c ./Core/MCLIB/i2c.o
                0x0000000008001430                I2C1_ClearCR
 .text.I2C1_TransmitData_RepeatedStart
                0x000000000800144c       0xbc ./Core/MCLIB/i2c.o
                0x000000000800144c                I2C1_TransmitData_RepeatedStart
 .text.I2C1_ReceiveData
                0x0000000008001508       0xa4 ./Core/MCLIB/i2c.o
                0x0000000008001508                I2C1_ReceiveData
 .text.I2C_Read_Bytes
                0x00000000080015ac       0x34 ./Core/MCLIB/i2c.o
                0x00000000080015ac                I2C_Read_Bytes
 .text.MX_GPIO_Init
                0x00000000080015e0       0x94 ./Core/Src/main.o
 .text.Error_Handler
                0x0000000008001674        0x4 ./Core/Src/main.o
                0x0000000008001674                Error_Handler
 .text.MX_TIM1_Init
                0x0000000008001678      0x100 ./Core/Src/main.o
 .text.MX_ADC1_Init
                0x0000000008001778      0x138 ./Core/Src/main.o
 .text.MX_SPI1_Init
                0x00000000080018b0       0x4c ./Core/Src/main.o
 .text.MX_I2C1_Init
                0x00000000080018fc      0x110 ./Core/Src/main.o
 .text.SystemClock_Config
                0x0000000008001a0c       0x70 ./Core/Src/main.o
                0x0000000008001a0c                SystemClock_Config
 .text.main     0x0000000008001a7c       0x98 ./Core/Src/main.o
                0x0000000008001a7c                main
 .text.HAL_MspInit
                0x0000000008001b14       0x38 ./Core/Src/stm32g4xx_hal_msp.o
                0x0000000008001b14                HAL_MspInit
 .text.HAL_ADC_MspInit
                0x0000000008001b4c       0x94 ./Core/Src/stm32g4xx_hal_msp.o
                0x0000000008001b4c                HAL_ADC_MspInit
 .text.HAL_SPI_MspInit
                0x0000000008001be0       0x64 ./Core/Src/stm32g4xx_hal_msp.o
                0x0000000008001be0                HAL_SPI_MspInit
 .text.HAL_TIM_PWM_MspInit
                0x0000000008001c44       0x2c ./Core/Src/stm32g4xx_hal_msp.o
                0x0000000008001c44                HAL_TIM_PWM_MspInit
 .text.HAL_TIM_MspPostInit
                0x0000000008001c70       0x54 ./Core/Src/stm32g4xx_hal_msp.o
                0x0000000008001c70                HAL_TIM_MspPostInit
 .text.NMI_Handler
                0x0000000008001cc4        0x2 ./Core/Src/stm32g4xx_it.o
                0x0000000008001cc4                NMI_Handler
 .text.HardFault_Handler
                0x0000000008001cc6        0x2 ./Core/Src/stm32g4xx_it.o
                0x0000000008001cc6                HardFault_Handler
 .text.MemManage_Handler
                0x0000000008001cc8        0x2 ./Core/Src/stm32g4xx_it.o
                0x0000000008001cc8                MemManage_Handler
 .text.BusFault_Handler
                0x0000000008001cca        0x2 ./Core/Src/stm32g4xx_it.o
                0x0000000008001cca                BusFault_Handler
 .text.UsageFault_Handler
                0x0000000008001ccc        0x2 ./Core/Src/stm32g4xx_it.o
                0x0000000008001ccc                UsageFault_Handler
 .text.SVC_Handler
                0x0000000008001cce        0x2 ./Core/Src/stm32g4xx_it.o
                0x0000000008001cce                SVC_Handler
 .text.DebugMon_Handler
                0x0000000008001cd0        0x2 ./Core/Src/stm32g4xx_it.o
                0x0000000008001cd0                DebugMon_Handler
 .text.PendSV_Handler
                0x0000000008001cd2        0x2 ./Core/Src/stm32g4xx_it.o
                0x0000000008001cd2                PendSV_Handler
 .text.SysTick_Handler
                0x0000000008001cd4        0x8 ./Core/Src/stm32g4xx_it.o
                0x0000000008001cd4                SysTick_Handler
 .text.ADC1_2_IRQHandler
                0x0000000008001cdc       0x18 ./Core/Src/stm32g4xx_it.o
                0x0000000008001cdc                ADC1_2_IRQHandler
 .text.SystemInit
                0x0000000008001cf4       0x14 ./Core/Src/system_stm32g4xx.o
                0x0000000008001cf4                SystemInit
 .text.Reset_Handler
                0x0000000008001d08       0x50 ./Core/Startup/startup_stm32g431cbux.o
                0x0000000008001d08                Reset_Handler
 .text.Default_Handler
                0x0000000008001d58        0x2 ./Core/Startup/startup_stm32g431cbux.o
                0x0000000008001d58                RTC_Alarm_IRQHandler
                0x0000000008001d58                EXTI2_IRQHandler
                0x0000000008001d58                TIM8_TRG_COM_IRQHandler
                0x0000000008001d58                TIM8_CC_IRQHandler
                0x0000000008001d58                TIM1_CC_IRQHandler
                0x0000000008001d58                USB_HP_IRQHandler
                0x0000000008001d58                CORDIC_IRQHandler
                0x0000000008001d58                EXTI3_IRQHandler
                0x0000000008001d58                I2C3_ER_IRQHandler
                0x0000000008001d58                EXTI0_IRQHandler
                0x0000000008001d58                I2C2_EV_IRQHandler
                0x0000000008001d58                FPU_IRQHandler
                0x0000000008001d58                FDCAN1_IT1_IRQHandler
                0x0000000008001d58                TIM1_UP_TIM16_IRQHandler
                0x0000000008001d58                SPI1_IRQHandler
                0x0000000008001d58                TIM6_DAC_IRQHandler
                0x0000000008001d58                TIM8_UP_IRQHandler
                0x0000000008001d58                DMA2_Channel2_IRQHandler
                0x0000000008001d58                DMA1_Channel4_IRQHandler
                0x0000000008001d58                USART3_IRQHandler
                0x0000000008001d58                TIM4_IRQHandler
                0x0000000008001d58                DMA2_Channel1_IRQHandler
                0x0000000008001d58                I2C1_EV_IRQHandler
                0x0000000008001d58                DMA1_Channel6_IRQHandler
                0x0000000008001d58                UART4_IRQHandler
                0x0000000008001d58                DMA2_Channel4_IRQHandler
                0x0000000008001d58                TIM3_IRQHandler
                0x0000000008001d58                RCC_IRQHandler
                0x0000000008001d58                DMA1_Channel1_IRQHandler
                0x0000000008001d58                Default_Handler
                0x0000000008001d58                RTC_TAMP_LSECSS_IRQHandler
                0x0000000008001d58                FMAC_IRQHandler
                0x0000000008001d58                EXTI15_10_IRQHandler
                0x0000000008001d58                TIM7_IRQHandler
                0x0000000008001d58                UCPD1_IRQHandler
                0x0000000008001d58                I2C3_EV_IRQHandler
                0x0000000008001d58                EXTI9_5_IRQHandler
                0x0000000008001d58                RTC_WKUP_IRQHandler
                0x0000000008001d58                PVD_PVM_IRQHandler
                0x0000000008001d58                SPI2_IRQHandler
                0x0000000008001d58                DMA2_Channel5_IRQHandler
                0x0000000008001d58                CRS_IRQHandler
                0x0000000008001d58                DMA1_Channel5_IRQHandler
                0x0000000008001d58                USB_LP_IRQHandler
                0x0000000008001d58                EXTI4_IRQHandler
                0x0000000008001d58                RNG_IRQHandler
                0x0000000008001d58                TIM1_TRG_COM_TIM17_IRQHandler
                0x0000000008001d58                DMA1_Channel3_IRQHandler
                0x0000000008001d58                WWDG_IRQHandler
                0x0000000008001d58                LPUART1_IRQHandler
                0x0000000008001d58                DMA2_Channel6_IRQHandler
                0x0000000008001d58                FDCAN1_IT0_IRQHandler
                0x0000000008001d58                TIM2_IRQHandler
                0x0000000008001d58                COMP1_2_3_IRQHandler
                0x0000000008001d58                EXTI1_IRQHandler
                0x0000000008001d58                USART2_IRQHandler
                0x0000000008001d58                I2C2_ER_IRQHandler
                0x0000000008001d58                DMA1_Channel2_IRQHandler
                0x0000000008001d58                TIM8_BRK_IRQHandler
                0x0000000008001d58                FLASH_IRQHandler
                0x0000000008001d58                USART1_IRQHandler
                0x0000000008001d58                SPI3_IRQHandler
                0x0000000008001d58                I2C1_ER_IRQHandler
                0x0000000008001d58                LPTIM1_IRQHandler
                0x0000000008001d58                DMAMUX_OVR_IRQHandler
                0x0000000008001d58                USBWakeUp_IRQHandler
                0x0000000008001d58                SAI1_IRQHandler
                0x0000000008001d58                DMA2_Channel3_IRQHandler
                0x0000000008001d58                COMP4_IRQHandler
                0x0000000008001d58                TIM1_BRK_TIM15_IRQHandler
 *fill*         0x0000000008001d5a        0x2 
 .text.HAL_InitTick
                0x0000000008001d5c       0x50 ./Drivers/STM32G4xx_HAL_Driver/Src/stm32g4xx_hal.o
                0x0000000008001d5c                HAL_InitTick
 .text.HAL_Init
                0x0000000008001dac       0x1e ./Drivers/STM32G4xx_HAL_Driver/Src/stm32g4xx_hal.o
                0x0000000008001dac                HAL_Init
 *fill*         0x0000000008001dca        0x2 
 .text.HAL_IncTick
                0x0000000008001dcc       0x18 ./Drivers/STM32G4xx_HAL_Driver/Src/stm32g4xx_hal.o
                0x0000000008001dcc                HAL_IncTick
 .text.HAL_GetTick
                0x0000000008001de4        0xc ./Drivers/STM32G4xx_HAL_Driver/Src/stm32g4xx_hal.o
                0x0000000008001de4                HAL_GetTick
 .text.HAL_ADC_Init
                0x0000000008001df0      0x234 ./Drivers/STM32G4xx_HAL_Driver/Src/stm32g4xx_hal_adc.o
                0x0000000008001df0                HAL_ADC_Init
 .text.HAL_ADC_ConvCpltCallback
                0x0000000008002024        0x2 ./Drivers/STM32G4xx_HAL_Driver/Src/stm32g4xx_hal_adc.o
                0x0000000008002024                HAL_ADC_ConvCpltCallback
 .text.HAL_ADC_LevelOutOfWindowCallback
                0x0000000008002026        0x2 ./Drivers/STM32G4xx_HAL_Driver/Src/stm32g4xx_hal_adc.o
                0x0000000008002026                HAL_ADC_LevelOutOfWindowCallback
 .text.HAL_ADC_ErrorCallback
                0x0000000008002028        0x2 ./Drivers/STM32G4xx_HAL_Driver/Src/stm32g4xx_hal_adc.o
                0x0000000008002028                HAL_ADC_ErrorCallback
 *fill*         0x000000000800202a        0x2 
 .text.HAL_ADC_IRQHandler
                0x000000000800202c      0x294 ./Drivers/STM32G4xx_HAL_Driver/Src/stm32g4xx_hal_adc.o
                0x000000000800202c                HAL_ADC_IRQHandler
 .text.HAL_ADC_ConfigChannel
                0x00000000080022c0      0x4e4 ./Drivers/STM32G4xx_HAL_Driver/Src/stm32g4xx_hal_adc.o
                0x00000000080022c0                HAL_ADC_ConfigChannel
 .text.ADC_Enable
                0x00000000080027a4       0xdc ./Drivers/STM32G4xx_HAL_Driver/Src/stm32g4xx_hal_adc.o
                0x00000000080027a4                ADC_Enable
 .text.HAL_ADCEx_InjectedStart_IT
                0x0000000008002880      0x134 ./Drivers/STM32G4xx_HAL_Driver/Src/stm32g4xx_hal_adc_ex.o
                0x0000000008002880                HAL_ADCEx_InjectedStart_IT
 .text.HAL_ADCEx_InjectedConvCpltCallback
                0x00000000080029b4        0x2 ./Drivers/STM32G4xx_HAL_Driver/Src/stm32g4xx_hal_adc_ex.o
                0x00000000080029b4                HAL_ADCEx_InjectedConvCpltCallback
 .text.HAL_ADCEx_InjectedQueueOverflowCallback
                0x00000000080029b6        0x2 ./Drivers/STM32G4xx_HAL_Driver/Src/stm32g4xx_hal_adc_ex.o
                0x00000000080029b6                HAL_ADCEx_InjectedQueueOverflowCallback
 .text.HAL_ADCEx_LevelOutOfWindow2Callback
                0x00000000080029b8        0x2 ./Drivers/STM32G4xx_HAL_Driver/Src/stm32g4xx_hal_adc_ex.o
                0x00000000080029b8                HAL_ADCEx_LevelOutOfWindow2Callback
 .text.HAL_ADCEx_LevelOutOfWindow3Callback
                0x00000000080029ba        0x2 ./Drivers/STM32G4xx_HAL_Driver/Src/stm32g4xx_hal_adc_ex.o
                0x00000000080029ba                HAL_ADCEx_LevelOutOfWindow3Callback
 .text.HAL_ADCEx_EndOfSamplingCallback
                0x00000000080029bc        0x2 ./Drivers/STM32G4xx_HAL_Driver/Src/stm32g4xx_hal_adc_ex.o
                0x00000000080029bc                HAL_ADCEx_EndOfSamplingCallback
 *fill*         0x00000000080029be        0x2 
 .text.HAL_ADCEx_InjectedConfigChannel
                0x00000000080029c0      0x620 ./Drivers/STM32G4xx_HAL_Driver/Src/stm32g4xx_hal_adc_ex.o
                0x00000000080029c0                HAL_ADCEx_InjectedConfigChannel
 .text.HAL_ADCEx_MultiModeConfigChannel
                0x0000000008002fe0      0x114 ./Drivers/STM32G4xx_HAL_Driver/Src/stm32g4xx_hal_adc_ex.o
                0x0000000008002fe0                HAL_ADCEx_MultiModeConfigChannel
 .text.HAL_NVIC_SetPriorityGrouping
                0x00000000080030f4       0x24 ./Drivers/STM32G4xx_HAL_Driver/Src/stm32g4xx_hal_cortex.o
                0x00000000080030f4                HAL_NVIC_SetPriorityGrouping
 .text.HAL_NVIC_SetPriority
                0x0000000008003118       0x70 ./Drivers/STM32G4xx_HAL_Driver/Src/stm32g4xx_hal_cortex.o
                0x0000000008003118                HAL_NVIC_SetPriority
 .text.HAL_NVIC_EnableIRQ
                0x0000000008003188       0x1c ./Drivers/STM32G4xx_HAL_Driver/Src/stm32g4xx_hal_cortex.o
                0x0000000008003188                HAL_NVIC_EnableIRQ
 .text.HAL_SYSTICK_Config
                0x00000000080031a4       0x28 ./Drivers/STM32G4xx_HAL_Driver/Src/stm32g4xx_hal_cortex.o
                0x00000000080031a4                HAL_SYSTICK_Config
 .text.HAL_GPIO_Init
                0x00000000080031cc      0x1d4 ./Drivers/STM32G4xx_HAL_Driver/Src/stm32g4xx_hal_gpio.o
                0x00000000080031cc                HAL_GPIO_Init
 .text.HAL_GPIO_WritePin
                0x00000000080033a0        0xa ./Drivers/STM32G4xx_HAL_Driver/Src/stm32g4xx_hal_gpio.o
                0x00000000080033a0                HAL_GPIO_WritePin
 *fill*         0x00000000080033aa        0x2 
 .text.HAL_PWREx_ControlVoltageScaling
                0x00000000080033ac      0x10c ./Drivers/STM32G4xx_HAL_Driver/Src/stm32g4xx_hal_pwr_ex.o
                0x00000000080033ac                HAL_PWREx_ControlVoltageScaling
 .text.HAL_PWREx_DisableUCPDDeadBattery
                0x00000000080034b8       0x10 ./Drivers/STM32G4xx_HAL_Driver/Src/stm32g4xx_hal_pwr_ex.o
                0x00000000080034b8                HAL_PWREx_DisableUCPDDeadBattery
 .text.RCC_GetSysClockFreqFromPLLSource
                0x00000000080034c8       0x58 ./Drivers/STM32G4xx_HAL_Driver/Src/stm32g4xx_hal_rcc.o
 .text.HAL_RCC_OscConfig
                0x0000000008003520      0x4e4 ./Drivers/STM32G4xx_HAL_Driver/Src/stm32g4xx_hal_rcc.o
                0x0000000008003520                HAL_RCC_OscConfig
 .text.HAL_RCC_GetSysClockFreq
                0x0000000008003a04       0x88 ./Drivers/STM32G4xx_HAL_Driver/Src/stm32g4xx_hal_rcc.o
                0x0000000008003a04                HAL_RCC_GetSysClockFreq
 .text.HAL_RCC_ClockConfig
                0x0000000008003a8c      0x1f8 ./Drivers/STM32G4xx_HAL_Driver/Src/stm32g4xx_hal_rcc.o
                0x0000000008003a8c                HAL_RCC_ClockConfig
 .text.HAL_RCCEx_PeriphCLKConfig
                0x0000000008003c84      0x2e4 ./Drivers/STM32G4xx_HAL_Driver/Src/stm32g4xx_hal_rcc_ex.o
                0x0000000008003c84                HAL_RCCEx_PeriphCLKConfig
 .text.HAL_SPI_Init
                0x0000000008003f68       0xe8 ./Drivers/STM32G4xx_HAL_Driver/Src/stm32g4xx_hal_spi.o
                0x0000000008003f68                HAL_SPI_Init
 .text.TIM_OC1_SetConfig
                0x0000000008004050       0xa0 ./Drivers/STM32G4xx_HAL_Driver/Src/stm32g4xx_hal_tim.o
 .text.TIM_OC3_SetConfig
                0x00000000080040f0       0x8c ./Drivers/STM32G4xx_HAL_Driver/Src/stm32g4xx_hal_tim.o
 .text.TIM_OC4_SetConfig
                0x000000000800417c       0x8c ./Drivers/STM32G4xx_HAL_Driver/Src/stm32g4xx_hal_tim.o
 .text.TIM_OC5_SetConfig
                0x0000000008004208       0x68 ./Drivers/STM32G4xx_HAL_Driver/Src/stm32g4xx_hal_tim.o
 .text.TIM_OC6_SetConfig
                0x0000000008004270       0x6c ./Drivers/STM32G4xx_HAL_Driver/Src/stm32g4xx_hal_tim.o
 .text.HAL_TIM_Base_Start_IT
                0x00000000080042dc       0x84 ./Drivers/STM32G4xx_HAL_Driver/Src/stm32g4xx_hal_tim.o
                0x00000000080042dc                HAL_TIM_Base_Start_IT
 .text.TIM_Base_SetConfig
                0x0000000008004360       0xc8 ./Drivers/STM32G4xx_HAL_Driver/Src/stm32g4xx_hal_tim.o
                0x0000000008004360                TIM_Base_SetConfig
 .text.HAL_TIM_PWM_Init
                0x0000000008004428       0x60 ./Drivers/STM32G4xx_HAL_Driver/Src/stm32g4xx_hal_tim.o
                0x0000000008004428                HAL_TIM_PWM_Init
 .text.TIM_OC2_SetConfig
                0x0000000008004488       0x8c ./Drivers/STM32G4xx_HAL_Driver/Src/stm32g4xx_hal_tim.o
                0x0000000008004488                TIM_OC2_SetConfig
 .text.HAL_TIM_PWM_ConfigChannel
                0x0000000008004514      0x13a ./Drivers/STM32G4xx_HAL_Driver/Src/stm32g4xx_hal_tim.o
                0x0000000008004514                HAL_TIM_PWM_ConfigChannel
 .text.TIM_CCxChannelCmd
                0x000000000800464e       0x1e ./Drivers/STM32G4xx_HAL_Driver/Src/stm32g4xx_hal_tim.o
                0x000000000800464e                TIM_CCxChannelCmd
 .text.HAL_TIM_PWM_Start
                0x000000000800466c      0x158 ./Drivers/STM32G4xx_HAL_Driver/Src/stm32g4xx_hal_tim.o
                0x000000000800466c                HAL_TIM_PWM_Start
 .text.HAL_TIMEx_MasterConfigSynchronization
                0x00000000080047c4       0x94 ./Drivers/STM32G4xx_HAL_Driver/Src/stm32g4xx_hal_tim_ex.o
                0x00000000080047c4                HAL_TIMEx_MasterConfigSynchronization
 .text.HAL_TIMEx_ConfigBreakDeadTime
                0x0000000008004858       0xa0 ./Drivers/STM32G4xx_HAL_Driver/Src/stm32g4xx_hal_tim_ex.o
                0x0000000008004858                HAL_TIMEx_ConfigBreakDeadTime
 .text.LL_GPIO_Init
                0x00000000080048f8      0x17e ./Drivers/STM32G4xx_HAL_Driver/Src/stm32g4xx_ll_gpio.o
                0x00000000080048f8                LL_GPIO_Init
 .text.LL_I2C_Init
                0x0000000008004a76       0x70 ./Drivers/STM32G4xx_HAL_Driver/Src/stm32g4xx_ll_i2c.o
                0x0000000008004a76                LL_I2C_Init
 *fill*         0x0000000008004ae6        0x2 
 .text.__errno  0x0000000008004ae8        0xc c:/st/stm32cubeide_1.12.1/stm32cubeide/plugins/com.st.stm32cube.ide.mcu.externaltools.gnu-tools-for-stm32.10.3-2021.10.win32_1.0.200.202301161003/tools/bin/../lib/gcc/arm-none-eabi/10.3.1/../../../../arm-none-eabi/lib/thumb/v7e-m+fp/hard\libc_nano.a(lib_a-errno.o)
                0x0000000008004ae8                __errno
 .text.__libc_init_array
                0x0000000008004af4       0x48 c:/st/stm32cubeide_1.12.1/stm32cubeide/plugins/com.st.stm32cube.ide.mcu.externaltools.gnu-tools-for-stm32.10.3-2021.10.win32_1.0.200.202301161003/tools/bin/../lib/gcc/arm-none-eabi/10.3.1/../../../../arm-none-eabi/lib/thumb/v7e-m+fp/hard\libc_nano.a(lib_a-init.o)
                0x0000000008004af4                __libc_init_array
 .text.memset   0x0000000008004b3c       0x10 c:/st/stm32cubeide_1.12.1/stm32cubeide/plugins/com.st.stm32cube.ide.mcu.externaltools.gnu-tools-for-stm32.10.3-2021.10.win32_1.0.200.202301161003/tools/bin/../lib/gcc/arm-none-eabi/10.3.1/../../../../arm-none-eabi/lib/thumb/v7e-m+fp/hard\libc_nano.a(lib_a-memset.o)
                0x0000000008004b3c                memset
 .text.cosf     0x0000000008004b4c       0x88 c:/st/stm32cubeide_1.12.1/stm32cubeide/plugins/com.st.stm32cube.ide.mcu.externaltools.gnu-tools-for-stm32.10.3-2021.10.win32_1.0.200.202301161003/tools/bin/../lib/gcc/arm-none-eabi/10.3.1/../../../../arm-none-eabi/lib/thumb/v7e-m+fp/hard\libm.a(lib_a-sf_cos.o)
                0x0000000008004b4c                cosf
 .text.sinf     0x0000000008004bd4       0x8c c:/st/stm32cubeide_1.12.1/stm32cubeide/plugins/com.st.stm32cube.ide.mcu.externaltools.gnu-tools-for-stm32.10.3-2021.10.win32_1.0.200.202301161003/tools/bin/../lib/gcc/arm-none-eabi/10.3.1/../../../../arm-none-eabi/lib/thumb/v7e-m+fp/hard\libm.a(lib_a-sf_sin.o)
                0x0000000008004bd4                sinf
 .text.atan2f   0x0000000008004c60        0x4 c:/st/stm32cubeide_1.12.1/stm32cubeide/plugins/com.st.stm32cube.ide.mcu.externaltools.gnu-tools-for-stm32.10.3-2021.10.win32_1.0.200.202301161003/tools/bin/../lib/gcc/arm-none-eabi/10.3.1/../../../../arm-none-eabi/lib/thumb/v7e-m+fp/hard\libm.a(lib_a-wf_atan2.o)
                0x0000000008004c60                atan2f
 .text.sqrtf    0x0000000008004c64       0x3c c:/st/stm32cubeide_1.12.1/stm32cubeide/plugins/com.st.stm32cube.ide.mcu.externaltools.gnu-tools-for-stm32.10.3-2021.10.win32_1.0.200.202301161003/tools/bin/../lib/gcc/arm-none-eabi/10.3.1/../../../../arm-none-eabi/lib/thumb/v7e-m+fp/hard\libm.a(lib_a-wf_sqrt.o)
                0x0000000008004c64                sqrtf
 .text.__ieee754_atan2f
                0x0000000008004ca0      0x140 c:/st/stm32cubeide_1.12.1/stm32cubeide/plugins/com.st.stm32cube.ide.mcu.externaltools.gnu-tools-for-stm32.10.3-2021.10.win32_1.0.200.202301161003/tools/bin/../lib/gcc/arm-none-eabi/10.3.1/../../../../arm-none-eabi/lib/thumb/v7e-m+fp/hard\libm.a(lib_a-ef_atan2.o)
                0x0000000008004ca0                __ieee754_atan2f
 .text.__ieee754_rem_pio2f
                0x0000000008004de0      0x278 c:/st/stm32cubeide_1.12.1/stm32cubeide/plugins/com.st.stm32cube.ide.mcu.externaltools.gnu-tools-for-stm32.10.3-2021.10.win32_1.0.200.202301161003/tools/bin/../lib/gcc/arm-none-eabi/10.3.1/../../../../arm-none-eabi/lib/thumb/v7e-m+fp/hard\libm.a(lib_a-ef_rem_pio2.o)
                0x0000000008004de0                __ieee754_rem_pio2f
 .text.__ieee754_sqrtf
                0x0000000008005058        0x6 c:/st/stm32cubeide_1.12.1/stm32cubeide/plugins/com.st.stm32cube.ide.mcu.externaltools.gnu-tools-for-stm32.10.3-2021.10.win32_1.0.200.202301161003/tools/bin/../lib/gcc/arm-none-eabi/10.3.1/../../../../arm-none-eabi/lib/thumb/v7e-m+fp/hard\libm.a(lib_a-ef_sqrt.o)
                0x0000000008005058                __ieee754_sqrtf
 *fill*         0x000000000800505e        0x2 
 .text.__kernel_cosf
                0x0000000008005060       0xc0 c:/st/stm32cubeide_1.12.1/stm32cubeide/plugins/com.st.stm32cube.ide.mcu.externaltools.gnu-tools-for-stm32.10.3-2021.10.win32_1.0.200.202301161003/tools/bin/../lib/gcc/arm-none-eabi/10.3.1/../../../../arm-none-eabi/lib/thumb/v7e-m+fp/hard\libm.a(lib_a-kf_cos.o)
                0x0000000008005060                __kernel_cosf
 .text.__kernel_rem_pio2f
                0x0000000008005120      0x4ec c:/st/stm32cubeide_1.12.1/stm32cubeide/plugins/com.st.stm32cube.ide.mcu.externaltools.gnu-tools-for-stm32.10.3-2021.10.win32_1.0.200.202301161003/tools/bin/../lib/gcc/arm-none-eabi/10.3.1/../../../../arm-none-eabi/lib/thumb/v7e-m+fp/hard\libm.a(lib_a-kf_rem_pio2.o)
                0x0000000008005120                __kernel_rem_pio2f
 .text.__kernel_sinf
                0x000000000800560c       0x90 c:/st/stm32cubeide_1.12.1/stm32cubeide/plugins/com.st.stm32cube.ide.mcu.externaltools.gnu-tools-for-stm32.10.3-2021.10.win32_1.0.200.202301161003/tools/bin/../lib/gcc/arm-none-eabi/10.3.1/../../../../arm-none-eabi/lib/thumb/v7e-m+fp/hard\libm.a(lib_a-kf_sin.o)
                0x000000000800560c                __kernel_sinf
 .text.atanf    0x000000000800569c      0x1a8 c:/st/stm32cubeide_1.12.1/stm32cubeide/plugins/com.st.stm32cube.ide.mcu.externaltools.gnu-tools-for-stm32.10.3-2021.10.win32_1.0.200.202301161003/tools/bin/../lib/gcc/arm-none-eabi/10.3.1/../../../../arm-none-eabi/lib/thumb/v7e-m+fp/hard\libm.a(lib_a-sf_atan.o)
                0x000000000800569c                atanf
 .text.fabsf    0x0000000008005844        0xe c:/st/stm32cubeide_1.12.1/stm32cubeide/plugins/com.st.stm32cube.ide.mcu.externaltools.gnu-tools-for-stm32.10.3-2021.10.win32_1.0.200.202301161003/tools/bin/../lib/gcc/arm-none-eabi/10.3.1/../../../../arm-none-eabi/lib/thumb/v7e-m+fp/hard\libm.a(lib_a-sf_fabs.o)
                0x0000000008005844                fabsf
 *fill*         0x0000000008005852        0x2 
 .text.floorf   0x0000000008005854       0x84 c:/st/stm32cubeide_1.12.1/stm32cubeide/plugins/com.st.stm32cube.ide.mcu.externaltools.gnu-tools-for-stm32.10.3-2021.10.win32_1.0.200.202301161003/tools/bin/../lib/gcc/arm-none-eabi/10.3.1/../../../../arm-none-eabi/lib/thumb/v7e-m+fp/hard\libm.a(lib_a-sf_floor.o)
                0x0000000008005854                floorf
 .text.scalbnf  0x00000000080058d8       0xe4 c:/st/stm32cubeide_1.12.1/stm32cubeide/plugins/com.st.stm32cube.ide.mcu.externaltools.gnu-tools-for-stm32.10.3-2021.10.win32_1.0.200.202301161003/tools/bin/../lib/gcc/arm-none-eabi/10.3.1/../../../../arm-none-eabi/lib/thumb/v7e-m+fp/hard\libm.a(lib_a-sf_scalbn.o)
                0x00000000080058d8                scalbnf
 *(.glue_7)
 .glue_7        0x00000000080059bc        0x0 linker stubs
 *(.glue_7t)
 .glue_7t       0x00000000080059bc        0x0 linker stubs
 *(.eh_frame)
 .eh_frame      0x00000000080059bc        0x0 c:/st/stm32cubeide_1.12.1/stm32cubeide/plugins/com.st.stm32cube.ide.mcu.externaltools.gnu-tools-for-stm32.10.3-2021.10.win32_1.0.200.202301161003/tools/bin/../lib/gcc/arm-none-eabi/10.3.1/thumb/v7e-m+fp/hard/crtbegin.o
 *(.init)
 .init          0x00000000080059bc        0x4 c:/st/stm32cubeide_1.12.1/stm32cubeide/plugins/com.st.stm32cube.ide.mcu.externaltools.gnu-tools-for-stm32.10.3-2021.10.win32_1.0.200.202301161003/tools/bin/../lib/gcc/arm-none-eabi/10.3.1/thumb/v7e-m+fp/hard/crti.o
                0x00000000080059bc                _init
 .init          0x00000000080059c0        0x8 c:/st/stm32cubeide_1.12.1/stm32cubeide/plugins/com.st.stm32cube.ide.mcu.externaltools.gnu-tools-for-stm32.10.3-2021.10.win32_1.0.200.202301161003/tools/bin/../lib/gcc/arm-none-eabi/10.3.1/thumb/v7e-m+fp/hard/crtn.o
 *(.fini)
 .fini          0x00000000080059c8        0x4 c:/st/stm32cubeide_1.12.1/stm32cubeide/plugins/com.st.stm32cube.ide.mcu.externaltools.gnu-tools-for-stm32.10.3-2021.10.win32_1.0.200.202301161003/tools/bin/../lib/gcc/arm-none-eabi/10.3.1/thumb/v7e-m+fp/hard/crti.o
                0x00000000080059c8                _fini
 .fini          0x00000000080059cc        0x8 c:/st/stm32cubeide_1.12.1/stm32cubeide/plugins/com.st.stm32cube.ide.mcu.externaltools.gnu-tools-for-stm32.10.3-2021.10.win32_1.0.200.202301161003/tools/bin/../lib/gcc/arm-none-eabi/10.3.1/thumb/v7e-m+fp/hard/crtn.o
                0x00000000080059d4                . = ALIGN (0x4)
                0x00000000080059d4                _etext = .

.vfp11_veneer   0x00000000080059d4        0x0
 .vfp11_veneer  0x00000000080059d4        0x0 linker stubs

.v4_bx          0x00000000080059d4        0x0
 .v4_bx         0x00000000080059d4        0x0 linker stubs

.iplt           0x00000000080059d4        0x0
 .iplt          0x00000000080059d4        0x0 c:/st/stm32cubeide_1.12.1/stm32cubeide/plugins/com.st.stm32cube.ide.mcu.externaltools.gnu-tools-for-stm32.10.3-2021.10.win32_1.0.200.202301161003/tools/bin/../lib/gcc/arm-none-eabi/10.3.1/thumb/v7e-m+fp/hard/crtbegin.o

.rodata         0x00000000080059d4      0x418
                0x00000000080059d4                . = ALIGN (0x4)
 *(.rodata)
 *(.rodata*)
 .rodata.AHBPrescTable
                0x00000000080059d4       0x10 ./Core/Src/system_stm32g4xx.o
                0x00000000080059d4                AHBPrescTable
 .rodata.CSWTCH.8
                0x00000000080059e4        0xc c:/st/stm32cubeide_1.12.1/stm32cubeide/plugins/com.st.stm32cube.ide.mcu.externaltools.gnu-tools-for-stm32.10.3-2021.10.win32_1.0.200.202301161003/tools/bin/../lib/gcc/arm-none-eabi/10.3.1/../../../../arm-none-eabi/lib/thumb/v7e-m+fp/hard\libm.a(lib_a-ef_atan2.o)
 .rodata.CSWTCH.9
                0x00000000080059f0        0xc c:/st/stm32cubeide_1.12.1/stm32cubeide/plugins/com.st.stm32cube.ide.mcu.externaltools.gnu-tools-for-stm32.10.3-2021.10.win32_1.0.200.202301161003/tools/bin/../lib/gcc/arm-none-eabi/10.3.1/../../../../arm-none-eabi/lib/thumb/v7e-m+fp/hard\libm.a(lib_a-ef_atan2.o)
 .rodata.npio2_hw
                0x00000000080059fc       0x80 c:/st/stm32cubeide_1.12.1/stm32cubeide/plugins/com.st.stm32cube.ide.mcu.externaltools.gnu-tools-for-stm32.10.3-2021.10.win32_1.0.200.202301161003/tools/bin/../lib/gcc/arm-none-eabi/10.3.1/../../../../arm-none-eabi/lib/thumb/v7e-m+fp/hard\libm.a(lib_a-ef_rem_pio2.o)
 .rodata.two_over_pi
                0x0000000008005a7c      0x318 c:/st/stm32cubeide_1.12.1/stm32cubeide/plugins/com.st.stm32cube.ide.mcu.externaltools.gnu-tools-for-stm32.10.3-2021.10.win32_1.0.200.202301161003/tools/bin/../lib/gcc/arm-none-eabi/10.3.1/../../../../arm-none-eabi/lib/thumb/v7e-m+fp/hard\libm.a(lib_a-ef_rem_pio2.o)
 .rodata.PIo2   0x0000000008005d94       0x2c c:/st/stm32cubeide_1.12.1/stm32cubeide/plugins/com.st.stm32cube.ide.mcu.externaltools.gnu-tools-for-stm32.10.3-2021.10.win32_1.0.200.202301161003/tools/bin/../lib/gcc/arm-none-eabi/10.3.1/../../../../arm-none-eabi/lib/thumb/v7e-m+fp/hard\libm.a(lib_a-kf_rem_pio2.o)
 .rodata.init_jk
                0x0000000008005dc0        0xc c:/st/stm32cubeide_1.12.1/stm32cubeide/plugins/com.st.stm32cube.ide.mcu.externaltools.gnu-tools-for-stm32.10.3-2021.10.win32_1.0.200.202301161003/tools/bin/../lib/gcc/arm-none-eabi/10.3.1/../../../../arm-none-eabi/lib/thumb/v7e-m+fp/hard\libm.a(lib_a-kf_rem_pio2.o)
 .rodata.atanhi
                0x0000000008005dcc       0x10 c:/st/stm32cubeide_1.12.1/stm32cubeide/plugins/com.st.stm32cube.ide.mcu.externaltools.gnu-tools-for-stm32.10.3-2021.10.win32_1.0.200.202301161003/tools/bin/../lib/gcc/arm-none-eabi/10.3.1/../../../../arm-none-eabi/lib/thumb/v7e-m+fp/hard\libm.a(lib_a-sf_atan.o)
 .rodata.atanlo
                0x0000000008005ddc       0x10 c:/st/stm32cubeide_1.12.1/stm32cubeide/plugins/com.st.stm32cube.ide.mcu.externaltools.gnu-tools-for-stm32.10.3-2021.10.win32_1.0.200.202301161003/tools/bin/../lib/gcc/arm-none-eabi/10.3.1/../../../../arm-none-eabi/lib/thumb/v7e-m+fp/hard\libm.a(lib_a-sf_atan.o)
                0x0000000008005dec                . = ALIGN (0x4)

.rel.dyn        0x0000000008005dec        0x0
 .rel.iplt      0x0000000008005dec        0x0 c:/st/stm32cubeide_1.12.1/stm32cubeide/plugins/com.st.stm32cube.ide.mcu.externaltools.gnu-tools-for-stm32.10.3-2021.10.win32_1.0.200.202301161003/tools/bin/../lib/gcc/arm-none-eabi/10.3.1/thumb/v7e-m+fp/hard/crtbegin.o

.ARM.extab      0x0000000008005dec        0x0
                0x0000000008005dec                . = ALIGN (0x4)
 *(.ARM.extab* .gnu.linkonce.armextab.*)
                0x0000000008005dec                . = ALIGN (0x4)

.ARM            0x0000000008005dec        0x0
                0x0000000008005dec                . = ALIGN (0x4)
                0x0000000008005dec                __exidx_start = .
 *(.ARM.exidx*)
                0x0000000008005dec                __exidx_end = .
                0x0000000008005dec                . = ALIGN (0x4)

.preinit_array  0x0000000008005dec        0x0
                0x0000000008005dec                . = ALIGN (0x4)
                0x0000000008005dec                PROVIDE (__preinit_array_start = .)
 *(.preinit_array*)
                0x0000000008005dec                PROVIDE (__preinit_array_end = .)
                0x0000000008005dec                . = ALIGN (0x4)

.init_array     0x0000000008005dec        0x4
                0x0000000008005dec                . = ALIGN (0x4)
                0x0000000008005dec                PROVIDE (__init_array_start = .)
 *(SORT_BY_NAME(.init_array.*))
 *(.init_array*)
 .init_array    0x0000000008005dec        0x4 c:/st/stm32cubeide_1.12.1/stm32cubeide/plugins/com.st.stm32cube.ide.mcu.externaltools.gnu-tools-for-stm32.10.3-2021.10.win32_1.0.200.202301161003/tools/bin/../lib/gcc/arm-none-eabi/10.3.1/thumb/v7e-m+fp/hard/crtbegin.o
                0x0000000008005df0                PROVIDE (__init_array_end = .)
                0x0000000008005df0                . = ALIGN (0x4)

.fini_array     0x0000000008005df0        0x4
                0x0000000008005df0                . = ALIGN (0x4)
                [!provide]                        PROVIDE (__fini_array_start = .)
 *(SORT_BY_NAME(.fini_array.*))
 *(.fini_array*)
 .fini_array    0x0000000008005df0        0x4 c:/st/stm32cubeide_1.12.1/stm32cubeide/plugins/com.st.stm32cube.ide.mcu.externaltools.gnu-tools-for-stm32.10.3-2021.10.win32_1.0.200.202301161003/tools/bin/../lib/gcc/arm-none-eabi/10.3.1/thumb/v7e-m+fp/hard/crtbegin.o
                [!provide]                        PROVIDE (__fini_array_end = .)
                0x0000000008005df4                . = ALIGN (0x4)
                0x0000000008005df4                _sidata = LOADADDR (.data)

.data           0x0000000020000000       0x70 load address 0x0000000008005df4
                0x0000000020000000                . = ALIGN (0x4)
                0x0000000020000000                _sdata = .
 *(.data)
 *(.data*)
 .data.SystemCoreClock
                0x0000000020000000        0x4 ./Core/Src/system_stm32g4xx.o
                0x0000000020000000                SystemCoreClock
 .data.uwTickFreq
                0x0000000020000004        0x4 ./Drivers/STM32G4xx_HAL_Driver/Src/stm32g4xx_hal.o
                0x0000000020000004                uwTickFreq
 .data.uwTickPrio
                0x0000000020000008        0x4 ./Drivers/STM32G4xx_HAL_Driver/Src/stm32g4xx_hal.o
                0x0000000020000008                uwTickPrio
 .data._impure_ptr
                0x000000002000000c        0x4 c:/st/stm32cubeide_1.12.1/stm32cubeide/plugins/com.st.stm32cube.ide.mcu.externaltools.gnu-tools-for-stm32.10.3-2021.10.win32_1.0.200.202301161003/tools/bin/../lib/gcc/arm-none-eabi/10.3.1/../../../../arm-none-eabi/lib/thumb/v7e-m+fp/hard\libc_nano.a(lib_a-impure.o)
                0x000000002000000c                _impure_ptr
 .data.impure_data
                0x0000000020000010       0x60 c:/st/stm32cubeide_1.12.1/stm32cubeide/plugins/com.st.stm32cube.ide.mcu.externaltools.gnu-tools-for-stm32.10.3-2021.10.win32_1.0.200.202301161003/tools/bin/../lib/gcc/arm-none-eabi/10.3.1/../../../../arm-none-eabi/lib/thumb/v7e-m+fp/hard\libc_nano.a(lib_a-impure.o)
 *(.RamFunc)
 *(.RamFunc*)
                0x0000000020000070                . = ALIGN (0x4)
                0x0000000020000070                _edata = .

.igot.plt       0x0000000020000070        0x0 load address 0x0000000008005e64
 .igot.plt      0x0000000020000070        0x0 c:/st/stm32cubeide_1.12.1/stm32cubeide/plugins/com.st.stm32cube.ide.mcu.externaltools.gnu-tools-for-stm32.10.3-2021.10.win32_1.0.200.202301161003/tools/bin/../lib/gcc/arm-none-eabi/10.3.1/thumb/v7e-m+fp/hard/crtbegin.o
                0x0000000020000070                . = ALIGN (0x4)

.bss            0x0000000020000070      0x228 load address 0x0000000008005e64
                0x0000000020000070                _sbss = .
                0x0000000020000070                __bss_start__ = _sbss
 *(.bss)
 .bss           0x0000000020000070       0x1c c:/st/stm32cubeide_1.12.1/stm32cubeide/plugins/com.st.stm32cube.ide.mcu.externaltools.gnu-tools-for-stm32.10.3-2021.10.win32_1.0.200.202301161003/tools/bin/../lib/gcc/arm-none-eabi/10.3.1/thumb/v7e-m+fp/hard/crtbegin.o
 *(.bss*)
 .bss.gElectFreq
                0x000000002000008c        0x4 ./Core/MCLIB/GlobalVariables.o
                0x000000002000008c                gElectFreq
 .bss.gPropoDuty
                0x0000000020000090        0x4 ./Core/MCLIB/GlobalVariables.o
                0x0000000020000090                gPropoDuty
 .bss.gPropoDuty2
                0x0000000020000094        0x4 ./Core/MCLIB/GlobalVariables.o
                0x0000000020000094                gPropoDuty2
 .bss.gTheta    0x0000000020000098        0x4 ./Core/MCLIB/GlobalVariables.o
                0x0000000020000098                gTheta
 .bss.gVolume   0x000000002000009c        0x4 ./Core/MCLIB/GlobalVariables.o
                0x000000002000009c                gVolume
 .bss.sDrvMode  0x00000000200000a0        0x1 ./Core/MCLIB/Sequence.o
 *fill*         0x00000000200000a1        0x3 
 .bss.sDuty     0x00000000200000a4        0xc ./Core/MCLIB/Sequence.o
 .bss.sElectAngVeloRefRateLimit
                0x00000000200000b0        0x4 ./Core/MCLIB/Sequence.o
 .bss.sElectAngleEstimateData
                0x00000000200000b4       0x10 ./Core/MCLIB/Sequence.o
 .bss.sInitCnt  0x00000000200000c4        0x2 ./Core/MCLIB/Sequence.o
 *fill*         0x00000000200000c6        0x2 
 .bss.sJoyStickXY
                0x00000000200000c8        0x8 ./Core/MCLIB/Sequence.o
 .bss.sOutputMode
                0x00000000200000d0        0x1 ./Core/MCLIB/Sequence.o
 .bss.sPosMode  0x00000000200000d1        0x1 ./Core/MCLIB/Sequence.o
 *fill*         0x00000000200000d2        0x2 
 .bss.sSensData
                0x00000000200000d4       0x34 ./Core/MCLIB/Sequence.o
 .bss.sVectorControlData
                0x0000000020000108       0x4c ./Core/MCLIB/Sequence.o
 .bss.angle_corrected
                0x0000000020000154        0x4 ./Core/MCLIB/SignalReadWrite.o
                0x0000000020000154                angle_corrected
 .bss.sIab      0x0000000020000158        0xc ./Core/MCLIB/VectorControl.o
 .bss.sVab      0x0000000020000164        0x8 ./Core/MCLIB/VectorControl.o
 .bss.sVuvw     0x000000002000016c        0xc ./Core/MCLIB/VectorControl.o
 .bss.hadc1     0x0000000020000178       0x6c ./Core/Src/main.o
                0x0000000020000178                hadc1
 .bss.hspi1     0x00000000200001e4       0x64 ./Core/Src/main.o
                0x00000000200001e4                hspi1
 .bss.htim1     0x0000000020000248       0x4c ./Core/Src/main.o
                0x0000000020000248                htim1
 .bss.uwTick    0x0000000020000294        0x4 ./Drivers/STM32G4xx_HAL_Driver/Src/stm32g4xx_hal.o
                0x0000000020000294                uwTick
 *(COMMON)
                0x0000000020000298                . = ALIGN (0x4)
                0x0000000020000298                _ebss = .
                0x0000000020000298                __bss_end__ = _ebss

._user_heap_stack
                0x0000000020000298      0x600 load address 0x0000000008005e64
                0x0000000020000298                . = ALIGN (0x8)
                [!provide]                        PROVIDE (end = .)
                0x0000000020000298                PROVIDE (_end = .)
                0x0000000020000498                . = (. + _Min_Heap_Size)
 *fill*         0x0000000020000298      0x200 
                0x0000000020000898                . = (. + _Min_Stack_Size)
 *fill*         0x0000000020000498      0x400 
                0x0000000020000898                . = ALIGN (0x8)

/DISCARD/
 libc.a(*)
 libm.a(*)
 libgcc.a(*)

.ARM.attributes
                0x0000000000000000       0x30
 *(.ARM.attributes)
 .ARM.attributes
                0x0000000000000000       0x1e c:/st/stm32cubeide_1.12.1/stm32cubeide/plugins/com.st.stm32cube.ide.mcu.externaltools.gnu-tools-for-stm32.10.3-2021.10.win32_1.0.200.202301161003/tools/bin/../lib/gcc/arm-none-eabi/10.3.1/thumb/v7e-m+fp/hard/crti.o
 .ARM.attributes
                0x000000000000001e       0x34 c:/st/stm32cubeide_1.12.1/stm32cubeide/plugins/com.st.stm32cube.ide.mcu.externaltools.gnu-tools-for-stm32.10.3-2021.10.win32_1.0.200.202301161003/tools/bin/../lib/gcc/arm-none-eabi/10.3.1/thumb/v7e-m+fp/hard/crtbegin.o
 .ARM.attributes
                0x0000000000000052       0x34 ./Core/MCLIB/GeneralFunctions.o
 .ARM.attributes
                0x0000000000000086       0x34 ./Core/MCLIB/GlobalVariables.o
 .ARM.attributes
                0x00000000000000ba       0x34 ./Core/MCLIB/Sequence.o
 .ARM.attributes
                0x00000000000000ee       0x34 ./Core/MCLIB/SignalReadWrite.o
 .ARM.attributes
                0x0000000000000122       0x34 ./Core/MCLIB/VectorControl.o
 .ARM.attributes
                0x0000000000000156       0x34 ./Core/MCLIB/i2c.o
 .ARM.attributes
                0x000000000000018a       0x34 ./Core/Src/main.o
 .ARM.attributes
                0x00000000000001be       0x34 ./Core/Src/stm32g4xx_hal_msp.o
 .ARM.attributes
                0x00000000000001f2       0x34 ./Core/Src/stm32g4xx_it.o
 .ARM.attributes
                0x0000000000000226       0x34 ./Core/Src/system_stm32g4xx.o
 .ARM.attributes
                0x000000000000025a       0x21 ./Core/Startup/startup_stm32g431cbux.o
 .ARM.attributes
                0x000000000000027b       0x34 ./Drivers/STM32G4xx_HAL_Driver/Src/stm32g4xx_hal.o
 .ARM.attributes
                0x00000000000002af       0x34 ./Drivers/STM32G4xx_HAL_Driver/Src/stm32g4xx_hal_adc.o
 .ARM.attributes
                0x00000000000002e3       0x34 ./Drivers/STM32G4xx_HAL_Driver/Src/stm32g4xx_hal_adc_ex.o
 .ARM.attributes
                0x0000000000000317       0x34 ./Drivers/STM32G4xx_HAL_Driver/Src/stm32g4xx_hal_cortex.o
 .ARM.attributes
                0x000000000000034b       0x34 ./Drivers/STM32G4xx_HAL_Driver/Src/stm32g4xx_hal_gpio.o
 .ARM.attributes
                0x000000000000037f       0x34 ./Drivers/STM32G4xx_HAL_Driver/Src/stm32g4xx_hal_pwr_ex.o
 .ARM.attributes
                0x00000000000003b3       0x34 ./Drivers/STM32G4xx_HAL_Driver/Src/stm32g4xx_hal_rcc.o
 .ARM.attributes
                0x00000000000003e7       0x34 ./Drivers/STM32G4xx_HAL_Driver/Src/stm32g4xx_hal_rcc_ex.o
 .ARM.attributes
                0x000000000000041b       0x34 ./Drivers/STM32G4xx_HAL_Driver/Src/stm32g4xx_hal_spi.o
 .ARM.attributes
                0x000000000000044f       0x34 ./Drivers/STM32G4xx_HAL_Driver/Src/stm32g4xx_hal_tim.o
 .ARM.attributes
                0x0000000000000483       0x34 ./Drivers/STM32G4xx_HAL_Driver/Src/stm32g4xx_hal_tim_ex.o
 .ARM.attributes
                0x00000000000004b7       0x34 ./Drivers/STM32G4xx_HAL_Driver/Src/stm32g4xx_ll_gpio.o
 .ARM.attributes
                0x00000000000004eb       0x34 ./Drivers/STM32G4xx_HAL_Driver/Src/stm32g4xx_ll_i2c.o
 .ARM.attributes
                0x000000000000051f       0x34 c:/st/stm32cubeide_1.12.1/stm32cubeide/plugins/com.st.stm32cube.ide.mcu.externaltools.gnu-tools-for-stm32.10.3-2021.10.win32_1.0.200.202301161003/tools/bin/../lib/gcc/arm-none-eabi/10.3.1/../../../../arm-none-eabi/lib/thumb/v7e-m+fp/hard\libc_nano.a(lib_a-errno.o)
 .ARM.attributes
                0x0000000000000553       0x34 c:/st/stm32cubeide_1.12.1/stm32cubeide/plugins/com.st.stm32cube.ide.mcu.externaltools.gnu-tools-for-stm32.10.3-2021.10.win32_1.0.200.202301161003/tools/bin/../lib/gcc/arm-none-eabi/10.3.1/../../../../arm-none-eabi/lib/thumb/v7e-m+fp/hard\libc_nano.a(lib_a-impure.o)
 .ARM.attributes
                0x0000000000000587       0x34 c:/st/stm32cubeide_1.12.1/stm32cubeide/plugins/com.st.stm32cube.ide.mcu.externaltools.gnu-tools-for-stm32.10.3-2021.10.win32_1.0.200.202301161003/tools/bin/../lib/gcc/arm-none-eabi/10.3.1/../../../../arm-none-eabi/lib/thumb/v7e-m+fp/hard\libc_nano.a(lib_a-init.o)
 .ARM.attributes
                0x00000000000005bb       0x34 c:/st/stm32cubeide_1.12.1/stm32cubeide/plugins/com.st.stm32cube.ide.mcu.externaltools.gnu-tools-for-stm32.10.3-2021.10.win32_1.0.200.202301161003/tools/bin/../lib/gcc/arm-none-eabi/10.3.1/../../../../arm-none-eabi/lib/thumb/v7e-m+fp/hard\libc_nano.a(lib_a-memset.o)
 .ARM.attributes
                0x00000000000005ef       0x34 c:/st/stm32cubeide_1.12.1/stm32cubeide/plugins/com.st.stm32cube.ide.mcu.externaltools.gnu-tools-for-stm32.10.3-2021.10.win32_1.0.200.202301161003/tools/bin/../lib/gcc/arm-none-eabi/10.3.1/../../../../arm-none-eabi/lib/thumb/v7e-m+fp/hard\libm.a(lib_a-sf_cos.o)
 .ARM.attributes
                0x0000000000000623       0x34 c:/st/stm32cubeide_1.12.1/stm32cubeide/plugins/com.st.stm32cube.ide.mcu.externaltools.gnu-tools-for-stm32.10.3-2021.10.win32_1.0.200.202301161003/tools/bin/../lib/gcc/arm-none-eabi/10.3.1/../../../../arm-none-eabi/lib/thumb/v7e-m+fp/hard\libm.a(lib_a-sf_sin.o)
 .ARM.attributes
                0x0000000000000657       0x34 c:/st/stm32cubeide_1.12.1/stm32cubeide/plugins/com.st.stm32cube.ide.mcu.externaltools.gnu-tools-for-stm32.10.3-2021.10.win32_1.0.200.202301161003/tools/bin/../lib/gcc/arm-none-eabi/10.3.1/../../../../arm-none-eabi/lib/thumb/v7e-m+fp/hard\libm.a(lib_a-wf_atan2.o)
 .ARM.attributes
                0x000000000000068b       0x34 c:/st/stm32cubeide_1.12.1/stm32cubeide/plugins/com.st.stm32cube.ide.mcu.externaltools.gnu-tools-for-stm32.10.3-2021.10.win32_1.0.200.202301161003/tools/bin/../lib/gcc/arm-none-eabi/10.3.1/../../../../arm-none-eabi/lib/thumb/v7e-m+fp/hard\libm.a(lib_a-wf_sqrt.o)
 .ARM.attributes
                0x00000000000006bf       0x34 c:/st/stm32cubeide_1.12.1/stm32cubeide/plugins/com.st.stm32cube.ide.mcu.externaltools.gnu-tools-for-stm32.10.3-2021.10.win32_1.0.200.202301161003/tools/bin/../lib/gcc/arm-none-eabi/10.3.1/../../../../arm-none-eabi/lib/thumb/v7e-m+fp/hard\libm.a(lib_a-ef_atan2.o)
 .ARM.attributes
                0x00000000000006f3       0x34 c:/st/stm32cubeide_1.12.1/stm32cubeide/plugins/com.st.stm32cube.ide.mcu.externaltools.gnu-tools-for-stm32.10.3-2021.10.win32_1.0.200.202301161003/tools/bin/../lib/gcc/arm-none-eabi/10.3.1/../../../../arm-none-eabi/lib/thumb/v7e-m+fp/hard\libm.a(lib_a-ef_rem_pio2.o)
 .ARM.attributes
                0x0000000000000727       0x34 c:/st/stm32cubeide_1.12.1/stm32cubeide/plugins/com.st.stm32cube.ide.mcu.externaltools.gnu-tools-for-stm32.10.3-2021.10.win32_1.0.200.202301161003/tools/bin/../lib/gcc/arm-none-eabi/10.3.1/../../../../arm-none-eabi/lib/thumb/v7e-m+fp/hard\libm.a(lib_a-ef_sqrt.o)
 .ARM.attributes
                0x000000000000075b       0x34 c:/st/stm32cubeide_1.12.1/stm32cubeide/plugins/com.st.stm32cube.ide.mcu.externaltools.gnu-tools-for-stm32.10.3-2021.10.win32_1.0.200.202301161003/tools/bin/../lib/gcc/arm-none-eabi/10.3.1/../../../../arm-none-eabi/lib/thumb/v7e-m+fp/hard\libm.a(lib_a-kf_cos.o)
 .ARM.attributes
                0x000000000000078f       0x34 c:/st/stm32cubeide_1.12.1/stm32cubeide/plugins/com.st.stm32cube.ide.mcu.externaltools.gnu-tools-for-stm32.10.3-2021.10.win32_1.0.200.202301161003/tools/bin/../lib/gcc/arm-none-eabi/10.3.1/../../../../arm-none-eabi/lib/thumb/v7e-m+fp/hard\libm.a(lib_a-kf_rem_pio2.o)
 .ARM.attributes
                0x00000000000007c3       0x34 c:/st/stm32cubeide_1.12.1/stm32cubeide/plugins/com.st.stm32cube.ide.mcu.externaltools.gnu-tools-for-stm32.10.3-2021.10.win32_1.0.200.202301161003/tools/bin/../lib/gcc/arm-none-eabi/10.3.1/../../../../arm-none-eabi/lib/thumb/v7e-m+fp/hard\libm.a(lib_a-kf_sin.o)
 .ARM.attributes
                0x00000000000007f7       0x34 c:/st/stm32cubeide_1.12.1/stm32cubeide/plugins/com.st.stm32cube.ide.mcu.externaltools.gnu-tools-for-stm32.10.3-2021.10.win32_1.0.200.202301161003/tools/bin/../lib/gcc/arm-none-eabi/10.3.1/../../../../arm-none-eabi/lib/thumb/v7e-m+fp/hard\libm.a(lib_a-sf_atan.o)
 .ARM.attributes
                0x000000000000082b       0x34 c:/st/stm32cubeide_1.12.1/stm32cubeide/plugins/com.st.stm32cube.ide.mcu.externaltools.gnu-tools-for-stm32.10.3-2021.10.win32_1.0.200.202301161003/tools/bin/../lib/gcc/arm-none-eabi/10.3.1/../../../../arm-none-eabi/lib/thumb/v7e-m+fp/hard\libm.a(lib_a-sf_fabs.o)
 .ARM.attributes
                0x000000000000085f       0x34 c:/st/stm32cubeide_1.12.1/stm32cubeide/plugins/com.st.stm32cube.ide.mcu.externaltools.gnu-tools-for-stm32.10.3-2021.10.win32_1.0.200.202301161003/tools/bin/../lib/gcc/arm-none-eabi/10.3.1/../../../../arm-none-eabi/lib/thumb/v7e-m+fp/hard\libm.a(lib_a-sf_floor.o)
 .ARM.attributes
                0x0000000000000893       0x34 c:/st/stm32cubeide_1.12.1/stm32cubeide/plugins/com.st.stm32cube.ide.mcu.externaltools.gnu-tools-for-stm32.10.3-2021.10.win32_1.0.200.202301161003/tools/bin/../lib/gcc/arm-none-eabi/10.3.1/../../../../arm-none-eabi/lib/thumb/v7e-m+fp/hard\libm.a(lib_a-sf_scalbn.o)
 .ARM.attributes
                0x00000000000008c7       0x1e c:/st/stm32cubeide_1.12.1/stm32cubeide/plugins/com.st.stm32cube.ide.mcu.externaltools.gnu-tools-for-stm32.10.3-2021.10.win32_1.0.200.202301161003/tools/bin/../lib/gcc/arm-none-eabi/10.3.1/thumb/v7e-m+fp/hard\libgcc.a(_arm_muldf3.o)
 .ARM.attributes
                0x00000000000008e5       0x1e c:/st/stm32cubeide_1.12.1/stm32cubeide/plugins/com.st.stm32cube.ide.mcu.externaltools.gnu-tools-for-stm32.10.3-2021.10.win32_1.0.200.202301161003/tools/bin/../lib/gcc/arm-none-eabi/10.3.1/thumb/v7e-m+fp/hard\libgcc.a(_arm_addsubdf3.o)
 .ARM.attributes
                0x0000000000000903       0x1e c:/st/stm32cubeide_1.12.1/stm32cubeide/plugins/com.st.stm32cube.ide.mcu.externaltools.gnu-tools-for-stm32.10.3-2021.10.win32_1.0.200.202301161003/tools/bin/../lib/gcc/arm-none-eabi/10.3.1/thumb/v7e-m+fp/hard\libgcc.a(_arm_truncdfsf2.o)
 .ARM.attributes
                0x0000000000000921       0x1e c:/st/stm32cubeide_1.12.1/stm32cubeide/plugins/com.st.stm32cube.ide.mcu.externaltools.gnu-tools-for-stm32.10.3-2021.10.win32_1.0.200.202301161003/tools/bin/../lib/gcc/arm-none-eabi/10.3.1/thumb/v7e-m+fp/hard/crtn.o
OUTPUT(STM32G431CBU6.elf elf32-littlearm)
LOAD linker stubs
LOAD c:/st/stm32cubeide_1.12.1/stm32cubeide/plugins/com.st.stm32cube.ide.mcu.externaltools.gnu-tools-for-stm32.10.3-2021.10.win32_1.0.200.202301161003/tools/bin/../lib/gcc/arm-none-eabi/10.3.1/../../../../arm-none-eabi/lib/thumb/v7e-m+fp/hard\libc.a
LOAD c:/st/stm32cubeide_1.12.1/stm32cubeide/plugins/com.st.stm32cube.ide.mcu.externaltools.gnu-tools-for-stm32.10.3-2021.10.win32_1.0.200.202301161003/tools/bin/../lib/gcc/arm-none-eabi/10.3.1/../../../../arm-none-eabi/lib/thumb/v7e-m+fp/hard\libm.a
LOAD c:/st/stm32cubeide_1.12.1/stm32cubeide/plugins/com.st.stm32cube.ide.mcu.externaltools.gnu-tools-for-stm32.10.3-2021.10.win32_1.0.200.202301161003/tools/bin/../lib/gcc/arm-none-eabi/10.3.1/thumb/v7e-m+fp/hard\libgcc.a

.debug_info     0x0000000000000000    0x1eb4d
 .debug_info    0x0000000000000000      0x3c1 ./Core/MCLIB/GeneralFunctions.o
 .debug_info    0x00000000000003c1      0x3c3 ./Core/MCLIB/GlobalVariables.o
 .debug_info    0x0000000000000784      0x9b0 ./Core/MCLIB/Sequence.o
 .debug_info    0x0000000000001134     0x14fd ./Core/MCLIB/SignalReadWrite.o
 .debug_info    0x0000000000002631     0x1148 ./Core/MCLIB/VectorControl.o
 .debug_info    0x0000000000003779      0xde1 ./Core/MCLIB/i2c.o
 .debug_info    0x000000000000455a     0x26c5 ./Core/Src/main.o
 .debug_info    0x0000000000006c1f     0x19eb ./Core/Src/stm32g4xx_hal_msp.o
 .debug_info    0x000000000000860a      0x9e1 ./Core/Src/stm32g4xx_it.o
 .debug_info    0x0000000000008feb      0x5b8 ./Core/Src/system_stm32g4xx.o
 .debug_info    0x00000000000095a3       0x22 ./Core/Startup/startup_stm32g431cbux.o
 .debug_info    0x00000000000095c5      0xbe4 ./Drivers/STM32G4xx_HAL_Driver/Src/stm32g4xx_hal.o
 .debug_info    0x000000000000a1a9     0x378a ./Drivers/STM32G4xx_HAL_Driver/Src/stm32g4xx_hal_adc.o
 .debug_info    0x000000000000d933     0x3045 ./Drivers/STM32G4xx_HAL_Driver/Src/stm32g4xx_hal_adc_ex.o
 .debug_info    0x0000000000010978     0x1045 ./Drivers/STM32G4xx_HAL_Driver/Src/stm32g4xx_hal_cortex.o
 .debug_info    0x00000000000119bd      0x869 ./Drivers/STM32G4xx_HAL_Driver/Src/stm32g4xx_hal_gpio.o
 .debug_info    0x0000000000012226      0xa07 ./Drivers/STM32G4xx_HAL_Driver/Src/stm32g4xx_hal_pwr_ex.o
 .debug_info    0x0000000000012c2d      0xeb1 ./Drivers/STM32G4xx_HAL_Driver/Src/stm32g4xx_hal_rcc.o
 .debug_info    0x0000000000013ade      0xede ./Drivers/STM32G4xx_HAL_Driver/Src/stm32g4xx_hal_rcc_ex.o
 .debug_info    0x00000000000149bc     0x22ec ./Drivers/STM32G4xx_HAL_Driver/Src/stm32g4xx_hal_spi.o
 .debug_info    0x0000000000016ca8     0x4182 ./Drivers/STM32G4xx_HAL_Driver/Src/stm32g4xx_hal_tim.o
 .debug_info    0x000000000001ae2a     0x261d ./Drivers/STM32G4xx_HAL_Driver/Src/stm32g4xx_hal_tim_ex.o
 .debug_info    0x000000000001d447      0xe03 ./Drivers/STM32G4xx_HAL_Driver/Src/stm32g4xx_ll_gpio.o
 .debug_info    0x000000000001e24a      0x903 ./Drivers/STM32G4xx_HAL_Driver/Src/stm32g4xx_ll_i2c.o

.debug_abbrev   0x0000000000000000     0x38fb
 .debug_abbrev  0x0000000000000000      0x177 ./Core/MCLIB/GeneralFunctions.o
 .debug_abbrev  0x0000000000000177       0x84 ./Core/MCLIB/GlobalVariables.o
 .debug_abbrev  0x00000000000001fb      0x282 ./Core/MCLIB/Sequence.o
 .debug_abbrev  0x000000000000047d      0x41d ./Core/MCLIB/SignalReadWrite.o
 .debug_abbrev  0x000000000000089a      0x267 ./Core/MCLIB/VectorControl.o
 .debug_abbrev  0x0000000000000b01      0x2c4 ./Core/MCLIB/i2c.o
 .debug_abbrev  0x0000000000000dc5      0x38c ./Core/Src/main.o
 .debug_abbrev  0x0000000000001151      0x2c2 ./Core/Src/stm32g4xx_hal_msp.o
 .debug_abbrev  0x0000000000001413      0x1c1 ./Core/Src/stm32g4xx_it.o
 .debug_abbrev  0x00000000000015d4      0x11c ./Core/Src/system_stm32g4xx.o
 .debug_abbrev  0x00000000000016f0       0x12 ./Core/Startup/startup_stm32g431cbux.o
 .debug_abbrev  0x0000000000001702      0x27d ./Drivers/STM32G4xx_HAL_Driver/Src/stm32g4xx_hal.o
 .debug_abbrev  0x000000000000197f      0x30f ./Drivers/STM32G4xx_HAL_Driver/Src/stm32g4xx_hal_adc.o
 .debug_abbrev  0x0000000000001c8e      0x380 ./Drivers/STM32G4xx_HAL_Driver/Src/stm32g4xx_hal_adc_ex.o
 .debug_abbrev  0x000000000000200e      0x364 ./Drivers/STM32G4xx_HAL_Driver/Src/stm32g4xx_hal_cortex.o
 .debug_abbrev  0x0000000000002372      0x1e9 ./Drivers/STM32G4xx_HAL_Driver/Src/stm32g4xx_hal_gpio.o
 .debug_abbrev  0x000000000000255b      0x248 ./Drivers/STM32G4xx_HAL_Driver/Src/stm32g4xx_hal_pwr_ex.o
 .debug_abbrev  0x00000000000027a3      0x2a5 ./Drivers/STM32G4xx_HAL_Driver/Src/stm32g4xx_hal_rcc.o
 .debug_abbrev  0x0000000000002a48      0x275 ./Drivers/STM32G4xx_HAL_Driver/Src/stm32g4xx_hal_rcc_ex.o
 .debug_abbrev  0x0000000000002cbd      0x280 ./Drivers/STM32G4xx_HAL_Driver/Src/stm32g4xx_hal_spi.o
 .debug_abbrev  0x0000000000002f3d      0x29b ./Drivers/STM32G4xx_HAL_Driver/Src/stm32g4xx_hal_tim.o
 .debug_abbrev  0x00000000000031d8      0x2aa ./Drivers/STM32G4xx_HAL_Driver/Src/stm32g4xx_hal_tim_ex.o
 .debug_abbrev  0x0000000000003482      0x297 ./Drivers/STM32G4xx_HAL_Driver/Src/stm32g4xx_ll_gpio.o
 .debug_abbrev  0x0000000000003719      0x1e2 ./Drivers/STM32G4xx_HAL_Driver/Src/stm32g4xx_ll_i2c.o

.debug_loc      0x0000000000000000    0x1500a
 .debug_loc     0x0000000000000000      0x314 ./Core/MCLIB/GeneralFunctions.o
 .debug_loc     0x0000000000000314      0x2c6 ./Core/MCLIB/Sequence.o
 .debug_loc     0x00000000000005da      0x3f3 ./Core/MCLIB/SignalReadWrite.o
 .debug_loc     0x00000000000009cd      0x694 ./Core/MCLIB/VectorControl.o
 .debug_loc     0x0000000000001061      0xc16 ./Core/MCLIB/i2c.o
 .debug_loc     0x0000000000001c77       0xf6 ./Core/Src/main.o
 .debug_loc     0x0000000000001d6d      0x164 ./Core/Src/stm32g4xx_hal_msp.o
 .debug_loc     0x0000000000001ed1       0x9d ./Core/Src/system_stm32g4xx.o
 .debug_loc     0x0000000000001f6e      0x1ef ./Drivers/STM32G4xx_HAL_Driver/Src/stm32g4xx_hal.o
 .debug_loc     0x000000000000215d     0x2812 ./Drivers/STM32G4xx_HAL_Driver/Src/stm32g4xx_hal_adc.o
 .debug_loc     0x000000000000496f     0x24ff ./Drivers/STM32G4xx_HAL_Driver/Src/stm32g4xx_hal_adc_ex.o
 .debug_loc     0x0000000000006e6e      0x736 ./Drivers/STM32G4xx_HAL_Driver/Src/stm32g4xx_hal_cortex.o
 .debug_loc     0x00000000000075a4      0x3b3 ./Drivers/STM32G4xx_HAL_Driver/Src/stm32g4xx_hal_gpio.o
 .debug_loc     0x0000000000007957      0xa06 ./Drivers/STM32G4xx_HAL_Driver/Src/stm32g4xx_hal_pwr_ex.o
 .debug_loc     0x000000000000835d      0x84d ./Drivers/STM32G4xx_HAL_Driver/Src/stm32g4xx_hal_rcc.o
 .debug_loc     0x0000000000008baa     0x11a5 ./Drivers/STM32G4xx_HAL_Driver/Src/stm32g4xx_hal_rcc_ex.o
 .debug_loc     0x0000000000009d4f     0x21e4 ./Drivers/STM32G4xx_HAL_Driver/Src/stm32g4xx_hal_spi.o
 .debug_loc     0x000000000000bf33     0x57f1 ./Drivers/STM32G4xx_HAL_Driver/Src/stm32g4xx_hal_tim.o
 .debug_loc     0x0000000000011724     0x2ddb ./Drivers/STM32G4xx_HAL_Driver/Src/stm32g4xx_hal_tim_ex.o
 .debug_loc     0x00000000000144ff      0x837 ./Drivers/STM32G4xx_HAL_Driver/Src/stm32g4xx_ll_gpio.o
 .debug_loc     0x0000000000014d36      0x2d4 ./Drivers/STM32G4xx_HAL_Driver/Src/stm32g4xx_ll_i2c.o

.debug_aranges  0x0000000000000000     0x1230
 .debug_aranges
                0x0000000000000000       0x50 ./Core/MCLIB/GeneralFunctions.o
 .debug_aranges
                0x0000000000000050       0x18 ./Core/MCLIB/GlobalVariables.o
 .debug_aranges
                0x0000000000000068       0x28 ./Core/MCLIB/Sequence.o
 .debug_aranges
                0x0000000000000090       0x80 ./Core/MCLIB/SignalReadWrite.o
 .debug_aranges
                0x0000000000000110       0x38 ./Core/MCLIB/VectorControl.o
 .debug_aranges
                0x0000000000000148       0x60 ./Core/MCLIB/i2c.o
 .debug_aranges
                0x00000000000001a8       0x58 ./Core/Src/main.o
 .debug_aranges
                0x0000000000000200       0x58 ./Core/Src/stm32g4xx_hal_msp.o
 .debug_aranges
                0x0000000000000258       0x68 ./Core/Src/stm32g4xx_it.o
 .debug_aranges
                0x00000000000002c0       0x28 ./Core/Src/system_stm32g4xx.o
 .debug_aranges
                0x00000000000002e8       0x28 ./Core/Startup/startup_stm32g431cbux.o
 .debug_aranges
                0x0000000000000310      0x148 ./Drivers/STM32G4xx_HAL_Driver/Src/stm32g4xx_hal.o
 .debug_aranges
                0x0000000000000458      0x108 ./Drivers/STM32G4xx_HAL_Driver/Src/stm32g4xx_hal_adc.o
 .debug_aranges
                0x0000000000000560       0xf0 ./Drivers/STM32G4xx_HAL_Driver/Src/stm32g4xx_hal_adc_ex.o
 .debug_aranges
                0x0000000000000650       0xa8 ./Drivers/STM32G4xx_HAL_Driver/Src/stm32g4xx_hal_cortex.o
 .debug_aranges
                0x00000000000006f8       0x58 ./Drivers/STM32G4xx_HAL_Driver/Src/stm32g4xx_hal_gpio.o
 .debug_aranges
                0x0000000000000750      0x140 ./Drivers/STM32G4xx_HAL_Driver/Src/stm32g4xx_hal_pwr_ex.o
 .debug_aranges
                0x0000000000000890       0x98 ./Drivers/STM32G4xx_HAL_Driver/Src/stm32g4xx_hal_rcc.o
 .debug_aranges
                0x0000000000000928       0xb0 ./Drivers/STM32G4xx_HAL_Driver/Src/stm32g4xx_hal_rcc_ex.o
 .debug_aranges
                0x00000000000009d8      0x1d8 ./Drivers/STM32G4xx_HAL_Driver/Src/stm32g4xx_hal_spi.o
 .debug_aranges
                0x0000000000000bb0      0x3e0 ./Drivers/STM32G4xx_HAL_Driver/Src/stm32g4xx_hal_tim.o
 .debug_aranges
                0x0000000000000f90      0x240 ./Drivers/STM32G4xx_HAL_Driver/Src/stm32g4xx_hal_tim_ex.o
 .debug_aranges
                0x00000000000011d0       0x30 ./Drivers/STM32G4xx_HAL_Driver/Src/stm32g4xx_ll_gpio.o
 .debug_aranges
                0x0000000000001200       0x30 ./Drivers/STM32G4xx_HAL_Driver/Src/stm32g4xx_ll_i2c.o

.debug_ranges   0x0000000000000000     0x16b0
 .debug_ranges  0x0000000000000000       0x40 ./Core/MCLIB/GeneralFunctions.o
 .debug_ranges  0x0000000000000040       0x90 ./Core/MCLIB/Sequence.o
 .debug_ranges  0x00000000000000d0       0xa0 ./Core/MCLIB/SignalReadWrite.o
 .debug_ranges  0x0000000000000170       0x28 ./Core/MCLIB/VectorControl.o
 .debug_ranges  0x0000000000000198       0x80 ./Core/MCLIB/i2c.o
 .debug_ranges  0x0000000000000218       0x48 ./Core/Src/main.o
 .debug_ranges  0x0000000000000260       0x48 ./Core/Src/stm32g4xx_hal_msp.o
 .debug_ranges  0x00000000000002a8       0x58 ./Core/Src/stm32g4xx_it.o
 .debug_ranges  0x0000000000000300       0x18 ./Core/Src/system_stm32g4xx.o
 .debug_ranges  0x0000000000000318       0x20 ./Core/Startup/startup_stm32g431cbux.o
 .debug_ranges  0x0000000000000338      0x138 ./Drivers/STM32G4xx_HAL_Driver/Src/stm32g4xx_hal.o
 .debug_ranges  0x0000000000000470      0x230 ./Drivers/STM32G4xx_HAL_Driver/Src/stm32g4xx_hal_adc.o
 .debug_ranges  0x00000000000006a0      0x200 ./Drivers/STM32G4xx_HAL_Driver/Src/stm32g4xx_hal_adc_ex.o
 .debug_ranges  0x00000000000008a0       0xf8 ./Drivers/STM32G4xx_HAL_Driver/Src/stm32g4xx_hal_cortex.o
 .debug_ranges  0x0000000000000998       0x48 ./Drivers/STM32G4xx_HAL_Driver/Src/stm32g4xx_hal_gpio.o
 .debug_ranges  0x00000000000009e0      0x130 ./Drivers/STM32G4xx_HAL_Driver/Src/stm32g4xx_hal_pwr_ex.o
 .debug_ranges  0x0000000000000b10       0xa0 ./Drivers/STM32G4xx_HAL_Driver/Src/stm32g4xx_hal_rcc.o
 .debug_ranges  0x0000000000000bb0       0xb8 ./Drivers/STM32G4xx_HAL_Driver/Src/stm32g4xx_hal_rcc_ex.o
 .debug_ranges  0x0000000000000c68      0x1c8 ./Drivers/STM32G4xx_HAL_Driver/Src/stm32g4xx_hal_spi.o
 .debug_ranges  0x0000000000000e30      0x3d0 ./Drivers/STM32G4xx_HAL_Driver/Src/stm32g4xx_hal_tim.o
 .debug_ranges  0x0000000000001200      0x230 ./Drivers/STM32G4xx_HAL_Driver/Src/stm32g4xx_hal_tim_ex.o
 .debug_ranges  0x0000000000001430      0x218 ./Drivers/STM32G4xx_HAL_Driver/Src/stm32g4xx_ll_gpio.o
 .debug_ranges  0x0000000000001648       0x68 ./Drivers/STM32G4xx_HAL_Driver/Src/stm32g4xx_ll_i2c.o

.debug_macro    0x0000000000000000     0x44bb
 .debug_macro   0x0000000000000000      0x328 ./Core/MCLIB/GeneralFunctions.o
 .debug_macro   0x0000000000000328       0x52 ./Core/MCLIB/GeneralFunctions.o
 .debug_macro   0x000000000000037a       0x1e ./Core/MCLIB/GeneralFunctions.o
 .debug_macro   0x0000000000000398       0x3c ./Core/MCLIB/GeneralFunctions.o
 .debug_macro   0x00000000000003d4       0x34 ./Core/MCLIB/GeneralFunctions.o
 .debug_macro   0x0000000000000408       0x16 ./Core/MCLIB/GeneralFunctions.o
 .debug_macro   0x000000000000041e       0x43 ./Core/MCLIB/GeneralFunctions.o
 .debug_macro   0x0000000000000461       0x34 ./Core/MCLIB/GeneralFunctions.o
 .debug_macro   0x0000000000000495       0x10 ./Core/MCLIB/GeneralFunctions.o
 .debug_macro   0x00000000000004a5       0x58 ./Core/MCLIB/GeneralFunctions.o
 .debug_macro   0x00000000000004fd       0x71 ./Core/MCLIB/GeneralFunctions.o
 .debug_macro   0x000000000000056e       0x1c ./Core/MCLIB/GeneralFunctions.o
 .debug_macro   0x000000000000058a      0x12a ./Core/MCLIB/GeneralFunctions.o
 .debug_macro   0x00000000000006b4      0x341 ./Core/MCLIB/GeneralFunctions.o
 .debug_macro   0x00000000000009f5      0x19b ./Core/MCLIB/GeneralFunctions.o
 .debug_macro   0x0000000000000b90       0x56 ./Core/MCLIB/GeneralFunctions.o
 .debug_macro   0x0000000000000be6       0xee ./Core/MCLIB/GeneralFunctions.o
 .debug_macro   0x0000000000000cd4      0x274 ./Core/MCLIB/GlobalVariables.o
 .debug_macro   0x0000000000000f48      0x365 ./Core/MCLIB/Sequence.o
 .debug_macro   0x00000000000012ad       0x2e ./Core/MCLIB/Sequence.o
 .debug_macro   0x00000000000012db       0x9a ./Core/MCLIB/Sequence.o
 .debug_macro   0x0000000000001375       0x22 ./Core/MCLIB/Sequence.o
 .debug_macro   0x0000000000001397      0x344 ./Core/MCLIB/SignalReadWrite.o
 .debug_macro   0x00000000000016db      0x349 ./Core/MCLIB/VectorControl.o
 .debug_macro   0x0000000000001a24      0x279 ./Core/MCLIB/i2c.o
 .debug_macro   0x0000000000001c9d       0x1c ./Core/MCLIB/i2c.o
 .debug_macro   0x0000000000001cb9      0x290 ./Core/Src/main.o
 .debug_macro   0x0000000000001f49      0x26a ./Core/Src/stm32g4xx_hal_msp.o
 .debug_macro   0x00000000000021b3      0x274 ./Core/Src/stm32g4xx_it.o
 .debug_macro   0x0000000000002427      0x1f2 ./Core/Src/system_stm32g4xx.o
 .debug_macro   0x0000000000002619      0x240 ./Drivers/STM32G4xx_HAL_Driver/Src/stm32g4xx_hal.o
 .debug_macro   0x0000000000002859      0x20f ./Drivers/STM32G4xx_HAL_Driver/Src/stm32g4xx_hal_adc.o
 .debug_macro   0x0000000000002a68      0x1fe ./Drivers/STM32G4xx_HAL_Driver/Src/stm32g4xx_hal_adc_ex.o
 .debug_macro   0x0000000000002c66      0x1f2 ./Drivers/STM32G4xx_HAL_Driver/Src/stm32g4xx_hal_cortex.o
 .debug_macro   0x0000000000002e58      0x1f9 ./Drivers/STM32G4xx_HAL_Driver/Src/stm32g4xx_hal_gpio.o
 .debug_macro   0x0000000000003051      0x21c ./Drivers/STM32G4xx_HAL_Driver/Src/stm32g4xx_hal_pwr_ex.o
 .debug_macro   0x000000000000326d      0x234 ./Drivers/STM32G4xx_HAL_Driver/Src/stm32g4xx_hal_rcc.o
 .debug_macro   0x00000000000034a1      0x21c ./Drivers/STM32G4xx_HAL_Driver/Src/stm32g4xx_hal_rcc_ex.o
 .debug_macro   0x00000000000036bd      0x1fa ./Drivers/STM32G4xx_HAL_Driver/Src/stm32g4xx_hal_spi.o
 .debug_macro   0x00000000000038b7      0x1fa ./Drivers/STM32G4xx_HAL_Driver/Src/stm32g4xx_hal_tim.o
 .debug_macro   0x0000000000003ab1      0x1f8 ./Drivers/STM32G4xx_HAL_Driver/Src/stm32g4xx_hal_tim_ex.o
 .debug_macro   0x0000000000003ca9      0x234 ./Drivers/STM32G4xx_HAL_Driver/Src/stm32g4xx_ll_gpio.o
 .debug_macro   0x0000000000003edd      0x163 ./Drivers/STM32G4xx_HAL_Driver/Src/stm32g4xx_ll_gpio.o
 .debug_macro   0x0000000000004040      0x234 ./Drivers/STM32G4xx_HAL_Driver/Src/stm32g4xx_ll_i2c.o
 .debug_macro   0x0000000000004274      0x247 ./Drivers/STM32G4xx_HAL_Driver/Src/stm32g4xx_ll_i2c.o

.debug_line     0x0000000000000000    0x1eae7
 .debug_line    0x0000000000000000      0xb14 ./Core/MCLIB/GeneralFunctions.o
 .debug_line    0x0000000000000b14      0x81f ./Core/MCLIB/GlobalVariables.o
 .debug_line    0x0000000000001333      0xcc9 ./Core/MCLIB/Sequence.o
 .debug_line    0x0000000000001ffc      0xe30 ./Core/MCLIB/SignalReadWrite.o
 .debug_line    0x0000000000002e2c     0x111b ./Core/MCLIB/VectorControl.o
 .debug_line    0x0000000000003f47      0xd63 ./Core/MCLIB/i2c.o
 .debug_line    0x0000000000004caa     0x1056 ./Core/Src/main.o
 .debug_line    0x0000000000005d00      0xa32 ./Core/Src/stm32g4xx_hal_msp.o
 .debug_line    0x0000000000006732      0x93f ./Core/Src/stm32g4xx_it.o
 .debug_line    0x0000000000007071      0x7cd ./Core/Src/system_stm32g4xx.o
 .debug_line    0x000000000000783e       0x89 ./Core/Startup/startup_stm32g431cbux.o
 .debug_line    0x00000000000078c7      0xbf4 ./Drivers/STM32G4xx_HAL_Driver/Src/stm32g4xx_hal.o
 .debug_line    0x00000000000084bb     0x2913 ./Drivers/STM32G4xx_HAL_Driver/Src/stm32g4xx_hal_adc.o
 .debug_line    0x000000000000adce     0x239c ./Drivers/STM32G4xx_HAL_Driver/Src/stm32g4xx_hal_adc_ex.o
 .debug_line    0x000000000000d16a      0xcba ./Drivers/STM32G4xx_HAL_Driver/Src/stm32g4xx_hal_cortex.o
 .debug_line    0x000000000000de24      0xbf8 ./Drivers/STM32G4xx_HAL_Driver/Src/stm32g4xx_hal_gpio.o
 .debug_line    0x000000000000ea1c      0xf8f ./Drivers/STM32G4xx_HAL_Driver/Src/stm32g4xx_hal_pwr_ex.o
 .debug_line    0x000000000000f9ab     0x1311 ./Drivers/STM32G4xx_HAL_Driver/Src/stm32g4xx_hal_rcc.o
 .debug_line    0x0000000000010cbc     0x1564 ./Drivers/STM32G4xx_HAL_Driver/Src/stm32g4xx_hal_rcc_ex.o
 .debug_line    0x0000000000012220     0x2ef3 ./Drivers/STM32G4xx_HAL_Driver/Src/stm32g4xx_hal_spi.o
 .debug_line    0x0000000000015113     0x58a4 ./Drivers/STM32G4xx_HAL_Driver/Src/stm32g4xx_hal_tim.o
 .debug_line    0x000000000001a9b7     0x2adb ./Drivers/STM32G4xx_HAL_Driver/Src/stm32g4xx_hal_tim_ex.o
 .debug_line    0x000000000001d492      0xcf4 ./Drivers/STM32G4xx_HAL_Driver/Src/stm32g4xx_ll_gpio.o
 .debug_line    0x000000000001e186      0x961 ./Drivers/STM32G4xx_HAL_Driver/Src/stm32g4xx_ll_i2c.o

.debug_str      0x0000000000000000    0xe4c56
 .debug_str     0x0000000000000000    0xdd2c5 ./Core/MCLIB/GeneralFunctions.o
                                      0xde03a (size before relaxing)
 .debug_str     0x00000000000dd2c5      0x140 ./Core/MCLIB/GlobalVariables.o
                                      0xda709 (size before relaxing)
 .debug_str     0x00000000000dd405      0x6da ./Core/MCLIB/Sequence.o
                                      0xde70b (size before relaxing)
 .debug_str     0x00000000000ddadf      0x960 ./Core/MCLIB/SignalReadWrite.o
                                      0xdeba6 (size before relaxing)
 .debug_str     0x00000000000de43f      0x192 ./Core/MCLIB/VectorControl.o
                                      0xde34e (size before relaxing)
 .debug_str     0x00000000000de5d1      0x23d ./Core/MCLIB/i2c.o
                                      0xda915 (size before relaxing)
 .debug_str     0x00000000000de80e      0xf15 ./Core/Src/main.o
                                      0xdc1be (size before relaxing)
 .debug_str     0x00000000000df723      0x564 ./Core/Src/stm32g4xx_hal_msp.o
                                      0xdb99d (size before relaxing)
 .debug_str     0x00000000000dfc87       0xee ./Core/Src/stm32g4xx_it.o
                                      0xdac91 (size before relaxing)
 .debug_str     0x00000000000dfd75       0xdb ./Core/Src/system_stm32g4xx.o
                                      0xcde1e (size before relaxing)
 .debug_str     0x00000000000dfe50       0x36 ./Core/Startup/startup_stm32g431cbux.o
                                         0x77 (size before relaxing)
 .debug_str     0x00000000000dfe86      0x5c5 ./Drivers/STM32G4xx_HAL_Driver/Src/stm32g4xx_hal.o
                                      0xce95d (size before relaxing)
 .debug_str     0x00000000000e044b      0xaee ./Drivers/STM32G4xx_HAL_Driver/Src/stm32g4xx_hal_adc.o
                                      0xcee4b (size before relaxing)
 .debug_str     0x00000000000e0f39      0x4d9 ./Drivers/STM32G4xx_HAL_Driver/Src/stm32g4xx_hal_adc_ex.o
                                      0xcedf1 (size before relaxing)
 .debug_str     0x00000000000e1412      0x31d ./Drivers/STM32G4xx_HAL_Driver/Src/stm32g4xx_hal_cortex.o
                                      0xce5e1 (size before relaxing)
 .debug_str     0x00000000000e172f      0x117 ./Drivers/STM32G4xx_HAL_Driver/Src/stm32g4xx_hal_gpio.o
                                      0xcdfa9 (size before relaxing)
 .debug_str     0x00000000000e1846      0x495 ./Drivers/STM32G4xx_HAL_Driver/Src/stm32g4xx_hal_pwr_ex.o
                                      0xce30c (size before relaxing)
 .debug_str     0x00000000000e1cdb      0x4e0 ./Drivers/STM32G4xx_HAL_Driver/Src/stm32g4xx_hal_rcc.o
                                      0xce517 (size before relaxing)
 .debug_str     0x00000000000e21bb      0x40b ./Drivers/STM32G4xx_HAL_Driver/Src/stm32g4xx_hal_rcc_ex.o
                                      0xce518 (size before relaxing)
 .debug_str     0x00000000000e25c6      0x588 ./Drivers/STM32G4xx_HAL_Driver/Src/stm32g4xx_hal_spi.o
                                      0xce756 (size before relaxing)
 .debug_str     0x00000000000e2b4e      0xeda ./Drivers/STM32G4xx_HAL_Driver/Src/stm32g4xx_hal_tim.o
                                      0xcf31c (size before relaxing)
 .debug_str     0x00000000000e3a28      0x804 ./Drivers/STM32G4xx_HAL_Driver/Src/stm32g4xx_hal_tim_ex.o
                                      0xcef90 (size before relaxing)
 .debug_str     0x00000000000e422c      0x658 ./Drivers/STM32G4xx_HAL_Driver/Src/stm32g4xx_ll_gpio.o
                                      0xcf6a0 (size before relaxing)
 .debug_str     0x00000000000e4884      0x3d2 ./Drivers/STM32G4xx_HAL_Driver/Src/stm32g4xx_ll_i2c.o
                                      0xcfbf8 (size before relaxing)

.comment        0x0000000000000000       0x50
 .comment       0x0000000000000000       0x50 ./Core/MCLIB/GeneralFunctions.o
                                         0x51 (size before relaxing)
 .comment       0x0000000000000050       0x51 ./Core/MCLIB/GlobalVariables.o
 .comment       0x0000000000000050       0x51 ./Core/MCLIB/Sequence.o
 .comment       0x0000000000000050       0x51 ./Core/MCLIB/SignalReadWrite.o
 .comment       0x0000000000000050       0x51 ./Core/MCLIB/VectorControl.o
 .comment       0x0000000000000050       0x51 ./Core/MCLIB/i2c.o
 .comment       0x0000000000000050       0x51 ./Core/Src/main.o
 .comment       0x0000000000000050       0x51 ./Core/Src/stm32g4xx_hal_msp.o
 .comment       0x0000000000000050       0x51 ./Core/Src/stm32g4xx_it.o
 .comment       0x0000000000000050       0x51 ./Core/Src/system_stm32g4xx.o
 .comment       0x0000000000000050       0x51 ./Drivers/STM32G4xx_HAL_Driver/Src/stm32g4xx_hal.o
 .comment       0x0000000000000050       0x51 ./Drivers/STM32G4xx_HAL_Driver/Src/stm32g4xx_hal_adc.o
 .comment       0x0000000000000050       0x51 ./Drivers/STM32G4xx_HAL_Driver/Src/stm32g4xx_hal_adc_ex.o
 .comment       0x0000000000000050       0x51 ./Drivers/STM32G4xx_HAL_Driver/Src/stm32g4xx_hal_cortex.o
 .comment       0x0000000000000050       0x51 ./Drivers/STM32G4xx_HAL_Driver/Src/stm32g4xx_hal_gpio.o
 .comment       0x0000000000000050       0x51 ./Drivers/STM32G4xx_HAL_Driver/Src/stm32g4xx_hal_pwr_ex.o
 .comment       0x0000000000000050       0x51 ./Drivers/STM32G4xx_HAL_Driver/Src/stm32g4xx_hal_rcc.o
 .comment       0x0000000000000050       0x51 ./Drivers/STM32G4xx_HAL_Driver/Src/stm32g4xx_hal_rcc_ex.o
 .comment       0x0000000000000050       0x51 ./Drivers/STM32G4xx_HAL_Driver/Src/stm32g4xx_hal_spi.o
 .comment       0x0000000000000050       0x51 ./Drivers/STM32G4xx_HAL_Driver/Src/stm32g4xx_hal_tim.o
 .comment       0x0000000000000050       0x51 ./Drivers/STM32G4xx_HAL_Driver/Src/stm32g4xx_hal_tim_ex.o
 .comment       0x0000000000000050       0x51 ./Drivers/STM32G4xx_HAL_Driver/Src/stm32g4xx_ll_gpio.o
 .comment       0x0000000000000050       0x51 ./Drivers/STM32G4xx_HAL_Driver/Src/stm32g4xx_ll_i2c.o

.debug_frame    0x0000000000000000     0x3368
 .debug_frame   0x0000000000000000       0x90 ./Core/MCLIB/GeneralFunctions.o
 .debug_frame   0x0000000000000090       0x6c ./Core/MCLIB/Sequence.o
 .debug_frame   0x00000000000000fc      0x144 ./Core/MCLIB/SignalReadWrite.o
 .debug_frame   0x0000000000000240      0x130 ./Core/MCLIB/VectorControl.o
 .debug_frame   0x0000000000000370      0x11c ./Core/MCLIB/i2c.o
 .debug_frame   0x000000000000048c      0x108 ./Core/Src/main.o
 .debug_frame   0x0000000000000594       0xe4 ./Core/Src/stm32g4xx_hal_msp.o
 .debug_frame   0x0000000000000678       0xc0 ./Core/Src/stm32g4xx_it.o
 .debug_frame   0x0000000000000738       0x30 ./Core/Src/system_stm32g4xx.o
 .debug_frame   0x0000000000000768      0x2a4 ./Drivers/STM32G4xx_HAL_Driver/Src/stm32g4xx_hal.o
 .debug_frame   0x0000000000000a0c      0x2f8 ./Drivers/STM32G4xx_HAL_Driver/Src/stm32g4xx_hal_adc.o
 .debug_frame   0x0000000000000d04      0x2c8 ./Drivers/STM32G4xx_HAL_Driver/Src/stm32g4xx_hal_adc_ex.o
 .debug_frame   0x0000000000000fcc      0x148 ./Drivers/STM32G4xx_HAL_Driver/Src/stm32g4xx_hal_cortex.o
 .debug_frame   0x0000000000001114       0xd0 ./Drivers/STM32G4xx_HAL_Driver/Src/stm32g4xx_hal_gpio.o
 .debug_frame   0x00000000000011e4      0x268 ./Drivers/STM32G4xx_HAL_Driver/Src/stm32g4xx_hal_pwr_ex.o
 .debug_frame   0x000000000000144c      0x198 ./Drivers/STM32G4xx_HAL_Driver/Src/stm32g4xx_hal_rcc.o
 .debug_frame   0x00000000000015e4      0x1a0 ./Drivers/STM32G4xx_HAL_Driver/Src/stm32g4xx_hal_rcc_ex.o
 .debug_frame   0x0000000000001784      0x5f8 ./Drivers/STM32G4xx_HAL_Driver/Src/stm32g4xx_hal_spi.o
 .debug_frame   0x0000000000001d7c      0xb58 ./Drivers/STM32G4xx_HAL_Driver/Src/stm32g4xx_hal_tim.o
 .debug_frame   0x00000000000028d4      0x610 ./Drivers/STM32G4xx_HAL_Driver/Src/stm32g4xx_hal_tim_ex.o
 .debug_frame   0x0000000000002ee4       0x54 ./Drivers/STM32G4xx_HAL_Driver/Src/stm32g4xx_ll_gpio.o
 .debug_frame   0x0000000000002f38       0x4c ./Drivers/STM32G4xx_HAL_Driver/Src/stm32g4xx_ll_i2c.o
 .debug_frame   0x0000000000002f84       0x20 c:/st/stm32cubeide_1.12.1/stm32cubeide/plugins/com.st.stm32cube.ide.mcu.externaltools.gnu-tools-for-stm32.10.3-2021.10.win32_1.0.200.202301161003/tools/bin/../lib/gcc/arm-none-eabi/10.3.1/../../../../arm-none-eabi/lib/thumb/v7e-m+fp/hard\libc_nano.a(lib_a-errno.o)
 .debug_frame   0x0000000000002fa4       0x2c c:/st/stm32cubeide_1.12.1/stm32cubeide/plugins/com.st.stm32cube.ide.mcu.externaltools.gnu-tools-for-stm32.10.3-2021.10.win32_1.0.200.202301161003/tools/bin/../lib/gcc/arm-none-eabi/10.3.1/../../../../arm-none-eabi/lib/thumb/v7e-m+fp/hard\libc_nano.a(lib_a-init.o)
 .debug_frame   0x0000000000002fd0       0x20 c:/st/stm32cubeide_1.12.1/stm32cubeide/plugins/com.st.stm32cube.ide.mcu.externaltools.gnu-tools-for-stm32.10.3-2021.10.win32_1.0.200.202301161003/tools/bin/../lib/gcc/arm-none-eabi/10.3.1/../../../../arm-none-eabi/lib/thumb/v7e-m+fp/hard\libc_nano.a(lib_a-memset.o)
 .debug_frame   0x0000000000002ff0       0x38 c:/st/stm32cubeide_1.12.1/stm32cubeide/plugins/com.st.stm32cube.ide.mcu.externaltools.gnu-tools-for-stm32.10.3-2021.10.win32_1.0.200.202301161003/tools/bin/../lib/gcc/arm-none-eabi/10.3.1/../../../../arm-none-eabi/lib/thumb/v7e-m+fp/hard\libm.a(lib_a-sf_cos.o)
 .debug_frame   0x0000000000003028       0x38 c:/st/stm32cubeide_1.12.1/stm32cubeide/plugins/com.st.stm32cube.ide.mcu.externaltools.gnu-tools-for-stm32.10.3-2021.10.win32_1.0.200.202301161003/tools/bin/../lib/gcc/arm-none-eabi/10.3.1/../../../../arm-none-eabi/lib/thumb/v7e-m+fp/hard\libm.a(lib_a-sf_sin.o)
 .debug_frame   0x0000000000003060       0x20 c:/st/stm32cubeide_1.12.1/stm32cubeide/plugins/com.st.stm32cube.ide.mcu.externaltools.gnu-tools-for-stm32.10.3-2021.10.win32_1.0.200.202301161003/tools/bin/../lib/gcc/arm-none-eabi/10.3.1/../../../../arm-none-eabi/lib/thumb/v7e-m+fp/hard\libm.a(lib_a-wf_atan2.o)
 .debug_frame   0x0000000000003080       0x38 c:/st/stm32cubeide_1.12.1/stm32cubeide/plugins/com.st.stm32cube.ide.mcu.externaltools.gnu-tools-for-stm32.10.3-2021.10.win32_1.0.200.202301161003/tools/bin/../lib/gcc/arm-none-eabi/10.3.1/../../../../arm-none-eabi/lib/thumb/v7e-m+fp/hard\libm.a(lib_a-wf_sqrt.o)
 .debug_frame   0x00000000000030b8       0x30 c:/st/stm32cubeide_1.12.1/stm32cubeide/plugins/com.st.stm32cube.ide.mcu.externaltools.gnu-tools-for-stm32.10.3-2021.10.win32_1.0.200.202301161003/tools/bin/../lib/gcc/arm-none-eabi/10.3.1/../../../../arm-none-eabi/lib/thumb/v7e-m+fp/hard\libm.a(lib_a-ef_atan2.o)
 .debug_frame   0x00000000000030e8       0x38 c:/st/stm32cubeide_1.12.1/stm32cubeide/plugins/com.st.stm32cube.ide.mcu.externaltools.gnu-tools-for-stm32.10.3-2021.10.win32_1.0.200.202301161003/tools/bin/../lib/gcc/arm-none-eabi/10.3.1/../../../../arm-none-eabi/lib/thumb/v7e-m+fp/hard\libm.a(lib_a-ef_rem_pio2.o)
 .debug_frame   0x0000000000003120       0x20 c:/st/stm32cubeide_1.12.1/stm32cubeide/plugins/com.st.stm32cube.ide.mcu.externaltools.gnu-tools-for-stm32.10.3-2021.10.win32_1.0.200.202301161003/tools/bin/../lib/gcc/arm-none-eabi/10.3.1/../../../../arm-none-eabi/lib/thumb/v7e-m+fp/hard\libm.a(lib_a-ef_sqrt.o)
 .debug_frame   0x0000000000003140       0x20 c:/st/stm32cubeide_1.12.1/stm32cubeide/plugins/com.st.stm32cube.ide.mcu.externaltools.gnu-tools-for-stm32.10.3-2021.10.win32_1.0.200.202301161003/tools/bin/../lib/gcc/arm-none-eabi/10.3.1/../../../../arm-none-eabi/lib/thumb/v7e-m+fp/hard\libm.a(lib_a-kf_cos.o)
 .debug_frame   0x0000000000003160       0x5c c:/st/stm32cubeide_1.12.1/stm32cubeide/plugins/com.st.stm32cube.ide.mcu.externaltools.gnu-tools-for-stm32.10.3-2021.10.win32_1.0.200.202301161003/tools/bin/../lib/gcc/arm-none-eabi/10.3.1/../../../../arm-none-eabi/lib/thumb/v7e-m+fp/hard\libm.a(lib_a-kf_rem_pio2.o)
 .debug_frame   0x00000000000031bc       0x20 c:/st/stm32cubeide_1.12.1/stm32cubeide/plugins/com.st.stm32cube.ide.mcu.externaltools.gnu-tools-for-stm32.10.3-2021.10.win32_1.0.200.202301161003/tools/bin/../lib/gcc/arm-none-eabi/10.3.1/../../../../arm-none-eabi/lib/thumb/v7e-m+fp/hard\libm.a(lib_a-kf_sin.o)
 .debug_frame   0x00000000000031dc       0x2c c:/st/stm32cubeide_1.12.1/stm32cubeide/plugins/com.st.stm32cube.ide.mcu.externaltools.gnu-tools-for-stm32.10.3-2021.10.win32_1.0.200.202301161003/tools/bin/../lib/gcc/arm-none-eabi/10.3.1/../../../../arm-none-eabi/lib/thumb/v7e-m+fp/hard\libm.a(lib_a-sf_atan.o)
 .debug_frame   0x0000000000003208       0x20 c:/st/stm32cubeide_1.12.1/stm32cubeide/plugins/com.st.stm32cube.ide.mcu.externaltools.gnu-tools-for-stm32.10.3-2021.10.win32_1.0.200.202301161003/tools/bin/../lib/gcc/arm-none-eabi/10.3.1/../../../../arm-none-eabi/lib/thumb/v7e-m+fp/hard\libm.a(lib_a-sf_fabs.o)
 .debug_frame   0x0000000000003228       0x20 c:/st/stm32cubeide_1.12.1/stm32cubeide/plugins/com.st.stm32cube.ide.mcu.externaltools.gnu-tools-for-stm32.10.3-2021.10.win32_1.0.200.202301161003/tools/bin/../lib/gcc/arm-none-eabi/10.3.1/../../../../arm-none-eabi/lib/thumb/v7e-m+fp/hard\libm.a(lib_a-sf_floor.o)
 .debug_frame   0x0000000000003248       0x20 c:/st/stm32cubeide_1.12.1/stm32cubeide/plugins/com.st.stm32cube.ide.mcu.externaltools.gnu-tools-for-stm32.10.3-2021.10.win32_1.0.200.202301161003/tools/bin/../lib/gcc/arm-none-eabi/10.3.1/../../../../arm-none-eabi/lib/thumb/v7e-m+fp/hard\libm.a(lib_a-sf_scalbn.o)
 .debug_frame   0x0000000000003268       0x30 c:/st/stm32cubeide_1.12.1/stm32cubeide/plugins/com.st.stm32cube.ide.mcu.externaltools.gnu-tools-for-stm32.10.3-2021.10.win32_1.0.200.202301161003/tools/bin/../lib/gcc/arm-none-eabi/10.3.1/thumb/v7e-m+fp/hard\libgcc.a(_arm_muldf3.o)
 .debug_frame   0x0000000000003298       0xac c:/st/stm32cubeide_1.12.1/stm32cubeide/plugins/com.st.stm32cube.ide.mcu.externaltools.gnu-tools-for-stm32.10.3-2021.10.win32_1.0.200.202301161003/tools/bin/../lib/gcc/arm-none-eabi/10.3.1/thumb/v7e-m+fp/hard\libgcc.a(_arm_addsubdf3.o)
 .debug_frame   0x0000000000003344       0x24 c:/st/stm32cubeide_1.12.1/stm32cubeide/plugins/com.st.stm32cube.ide.mcu.externaltools.gnu-tools-for-stm32.10.3-2021.10.win32_1.0.200.202301161003/tools/bin/../lib/gcc/arm-none-eabi/10.3.1/thumb/v7e-m+fp/hard\libgcc.a(_arm_truncdfsf2.o)