../Core/Src/main.c:492:13:MX_GPIO_Init	48	static
../Core/Src/main.c:568:9:SPI_TransmitReceive	16	static
../Core/Src/main.c:534:6:SPI_TransmitReceive_lap	16	static
../Core/Src/main.c:603:6:Error_Handler	0	static,ignoring_inline_asm
../Core/Src/main.c:357:13:MX_TIM1_Init	104	static
../Core/Src/main.c:201:13:MX_ADC1_Init	112	static
../Core/Src/main.c:317:13:MX_SPI1_Init	8	static
../Core/Src/main.c:442:13:MX_TIM8_Init	40	static
../Core/Src/main.c:154:6:SystemClock_Config	88	static
../Core/Src/main.c:86:5:main	8	static
