../Core/Src/main.c:627:13:MX_GPIO_Init	48	static
../Core/Src/main.c:675:6:Error_Handler	0	static,ignoring_inline_asm
../Core/Src/main.c:435:13:MX_TIM1_Init	104	static
../Core/Src/main.c:203:13:MX_ADC1_Init	112	static
../Core/Src/main.c:395:13:MX_SPI1_Init	8	static
../Core/Src/main.c:319:13:MX_I2C1_Init	160	static
../Core/Src/main.c:565:13:MX_TIM16_Init	88	static
../Core/Src/main.c:520:13:MX_TIM2_Init	40	static
../Core/Src/main.c:156:6:SystemClock_Config	88	static
../Core/Src/main.c:82:5:main	8	static
