../Core/Src/stm32g4xx_hal_msp.c:65:6:HAL_MspInit	16	static
../Core/Src/stm32g4xx_hal_msp.c:91:6:HAL_ADC_MspInit	104	static
../Core/Src/stm32g4xx_hal_msp.c:141:6:HAL_ADC_MspDeInit	8	static
../Core/Src/stm32g4xx_hal_msp.c:174:6:HAL_SPI_MspInit	40	static
../Core/Src/stm32g4xx_hal_msp.c:211:6:HAL_SPI_MspDeInit	8	static
../Core/Src/stm32g4xx_hal_msp.c:241:6:HAL_TIM_PWM_MspInit	8	static
../Core/Src/stm32g4xx_hal_msp.c:263:6:HAL_TIM_Base_MspInit	16	static
../Core/Src/stm32g4xx_hal_msp.c:293:6:HAL_TIM_MspPostInit	32	static
../Core/Src/stm32g4xx_hal_msp.c:327:6:HAL_TIM_PWM_MspDeInit	0	static
../Core/Src/stm32g4xx_hal_msp.c:349:6:HAL_TIM_Base_MspDeInit	8	static
