../Core/MCLIB/SignalReadWrite.c:38:9:readButton1	16	static
../Core/MCLIB/SignalReadWrite.c:46:10:readHallInputCaptureCnt	8	static
../Core/MCLIB/SignalReadWrite.c:56:10:readPropoInputCaptureCnt	8	static
../Core/MCLIB/SignalReadWrite.c:65:7:readPropoDuty	8	static
../Core/MCLIB/SignalReadWrite.c:108:10:readPropoInputCaptureCnt2	8	static
../Core/MCLIB/SignalReadWrite.c:118:7:readPropoDuty2	8	static
../Core/MCLIB/SignalReadWrite.c:162:7:readTimeInterval	0	static
../Core/MCLIB/SignalReadWrite.c:184:7:readVolume	0	static
../Core/MCLIB/SignalReadWrite.c:196:7:readVdc	0	static
../Core/MCLIB/SignalReadWrite.c:204:6:readCurrent	4	static
../Core/MCLIB/SignalReadWrite.c:215:6:readElectFreqFromHallSignal	16	static
../Core/MCLIB/SignalReadWrite.c:247:6:writeOutputMode	8	static
../Core/MCLIB/SignalReadWrite.c:264:6:writeDuty	0	static
../Core/MCLIB/SignalReadWrite.c:272:6:writeFreeRunCnt	0	static
../Core/MCLIB/SignalReadWrite.c:276:10:readFreeRunCnt	0	static
