../Core/MCLIB/SignalReadWrite.c:43:9:readButton1	16	static
../Core/MCLIB/SignalReadWrite.c:51:10:readHallInputCaptureCnt	8	static
../Core/MCLIB/SignalReadWrite.c:169:7:readTimeInterval	0	static
../Core/MCLIB/SignalReadWrite.c:191:7:readVolume	0	static
../Core/MCLIB/SignalReadWrite.c:203:7:readVdc	0	static
../Core/MCLIB/SignalReadWrite.c:210:6:readCurrent	4	static
../Core/MCLIB/SignalReadWrite.c:221:6:readElectFreqFromHallSignal	16	static
../Core/MCLIB/SignalReadWrite.c:243:6:writeOutputMode	8	static
../Core/MCLIB/SignalReadWrite.c:260:6:writeDuty	0	static
../Core/MCLIB/SignalReadWrite.c:268:6:writeFreeRunCnt	0	static
../Core/MCLIB/SignalReadWrite.c:272:10:readFreeRunCnt	0	static
../Core/MCLIB/SignalReadWrite.c:279:7:readEncoderAngle	24	static
../Core/MCLIB/SignalReadWrite.c:343:6:readJoyStickXY	32	static
